11:49:22 **** Build of project snake_game_client_2_player_bsp ****
make -k all 
"Running Make include in microblaze_0/libsrc/bram_v4_2/src"
make -C microblaze_0/libsrc/bram_v4_2/src -s include  "SHELL=CMD" "COMPILER=mb-gcc" "ARCHIVER=mb-ar" "COMPILER_FLAGS=  -O2 -c -mcpu=v11.0 -mhard-float -mlittle-endian -mno-xl-soft-div -mno-xl-soft-mul -mxl-barrel-shift" "EXTRA_COMPILER_FLAGS=-ffunction-sections -fdata-sections -Wall -Wextra"
"Running Make include in microblaze_0/libsrc/cpu_v2_8/src"
make -C microblaze_0/libsrc/cpu_v2_8/src -s include  "SHELL=CMD" "COMPILER=mb-gcc" "ARCHIVER=mb-ar" "COMPILER_FLAGS=  -O2 -c -mcpu=v11.0 -mhard-float -mlittle-endian -mno-xl-soft-div -mno-xl-soft-mul -mxl-barrel-shift" "EXTRA_COMPILER_FLAGS=-ffunction-sections -fdata-sections -Wall -Wextra"
"Running Make include in microblaze_0/libsrc/emaclite_v4_3/src"
make -C microblaze_0/libsrc/emaclite_v4_3/src -s include  "SHELL=CMD" "COMPILER=mb-gcc" "ARCHIVER=mb-ar" "COMPILER_FLAGS=  -O2 -c -mcpu=v11.0 -mhard-float -mlittle-endian -mno-xl-soft-div -mno-xl-soft-mul -mxl-barrel-shift" "EXTRA_COMPILER_FLAGS=-ffunction-sections -fdata-sections -Wall -Wextra"
"Running Make include in microblaze_0/libsrc/gpio_v4_3/src"
make -C microblaze_0/libsrc/gpio_v4_3/src -s include  "SHELL=CMD" "COMPILER=mb-gcc" "ARCHIVER=mb-ar" "COMPILER_FLAGS=  -O2 -c -mcpu=v11.0 -mhard-float -mlittle-endian -mno-xl-soft-div -mno-xl-soft-mul -mxl-barrel-shift" "EXTRA_COMPILER_FLAGS=-ffunction-sections -fdata-sections -Wall -Wextra"
"Running Make include in microblaze_0/libsrc/intc_v3_8/src"
make -C microblaze_0/libsrc/intc_v3_8/src -s include  "SHELL=CMD" "COMPILER=mb-gcc" "ARCHIVER=mb-ar" "COMPILER_FLAGS=  -O2 -c -mcpu=v11.0 -mhard-float -mlittle-endian -mno-xl-soft-div -mno-xl-soft-mul -mxl-barrel-shift" "EXTRA_COMPILER_FLAGS=-ffunction-sections -fdata-sections -Wall -Wextra"
"Running Make include in microblaze_0/libsrc/lwip202_v1_2/src"
make -C microblaze_0/libsrc/lwip202_v1_2/src -s include  "SHELL=CMD" "COMPILER=mb-gcc" "ARCHIVER=mb-ar" "COMPILER_FLAGS=  -O2 -c -mcpu=v11.0 -mhard-float -mlittle-endian -mno-xl-soft-div -mno-xl-soft-mul -mxl-barrel-shift" "EXTRA_COMPILER_FLAGS=-ffunction-sections -fdata-sections -Wall -Wextra"
"Running Make include in microblaze_0/libsrc/standalone_v6_8/src"
make -C microblaze_0/libsrc/standalone_v6_8/src -s include  "SHELL=CMD" "COMPILER=mb-gcc" "ARCHIVER=mb-ar" "COMPILER_FLAGS=  -O2 -c -mcpu=v11.0 -mhard-float -mlittle-endian -mno-xl-soft-div -mno-xl-soft-mul -mxl-barrel-shift" "EXTRA_COMPILER_FLAGS=-ffunction-sections -fdata-sections -Wall -Wextra"
"Running Make include in microblaze_0/libsrc/tft_v6_1/src"
make -C microblaze_0/libsrc/tft_v6_1/src -s include  "SHELL=CMD" "COMPILER=mb-gcc" "ARCHIVER=mb-ar" "COMPILER_FLAGS=  -O2 -c -mcpu=v11.0 -mhard-float -mlittle-endian -mno-xl-soft-div -mno-xl-soft-mul -mxl-barrel-shift" "EXTRA_COMPILER_FLAGS=-ffunction-sections -fdata-sections -Wall -Wextra"
"Running Make include in microblaze_0/libsrc/tmrctr_v4_5/src"
make -C microblaze_0/libsrc/tmrctr_v4_5/src -s include  "SHELL=CMD" "COMPILER=mb-gcc" "ARCHIVER=mb-ar" "COMPILER_FLAGS=  -O2 -c -mcpu=v11.0 -mhard-float -mlittle-endian -mno-xl-soft-div -mno-xl-soft-mul -mxl-barrel-shift" "EXTRA_COMPILER_FLAGS=-ffunction-sections -fdata-sections -Wall -Wextra"
"Running Make include in microblaze_0/libsrc/uartlite_v3_2/src"
make -C microblaze_0/libsrc/uartlite_v3_2/src -s include  "SHELL=CMD" "COMPILER=mb-gcc" "ARCHIVER=mb-ar" "COMPILER_FLAGS=  -O2 -c -mcpu=v11.0 -mhard-float -mlittle-endian -mno-xl-soft-div -mno-xl-soft-mul -mxl-barrel-shift" "EXTRA_COMPILER_FLAGS=-ffunction-sections -fdata-sections -Wall -Wextra"
"Running Make libs in microblaze_0/libsrc/bram_v4_2/src"
make -C microblaze_0/libsrc/bram_v4_2/src -s libs  "SHELL=CMD" "COMPILER=mb-gcc" "ARCHIVER=mb-ar" "COMPILER_FLAGS=  -O2 -c -mcpu=v11.0 -mhard-float -mlittle-endian -mno-xl-soft-div -mno-xl-soft-mul -mxl-barrel-shift" "EXTRA_COMPILER_FLAGS=-ffunction-sections -fdata-sections -Wall -Wextra"
"Compiling bram"
mb-ar: creating ../../../lib/libxil.a
"Running Make libs in microblaze_0/libsrc/cpu_v2_8/src"
make -C microblaze_0/libsrc/cpu_v2_8/src -s libs  "SHELL=CMD" "COMPILER=mb-gcc" "ARCHIVER=mb-ar" "COMPILER_FLAGS=  -O2 -c -mcpu=v11.0 -mhard-float -mlittle-endian -mno-xl-soft-div -mno-xl-soft-mul -mxl-barrel-shift" "EXTRA_COMPILER_FLAGS=-ffunction-sections -fdata-sections -Wall -Wextra"
"Compiling cpu"
"Running Make libs in microblaze_0/libsrc/emaclite_v4_3/src"
make -C microblaze_0/libsrc/emaclite_v4_3/src -s libs  "SHELL=CMD" "COMPILER=mb-gcc" "ARCHIVER=mb-ar" "COMPILER_FLAGS=  -O2 -c -mcpu=v11.0 -mhard-float -mlittle-endian -mno-xl-soft-div -mno-xl-soft-mul -mxl-barrel-shift" "EXTRA_COMPILER_FLAGS=-ffunction-sections -fdata-sections -Wall -Wextra"
"Compiling emaclite"
"Running Make libs in microblaze_0/libsrc/gpio_v4_3/src"
make -C microblaze_0/libsrc/gpio_v4_3/src -s libs  "SHELL=CMD" "COMPILER=mb-gcc" "ARCHIVER=mb-ar" "COMPILER_FLAGS=  -O2 -c -mcpu=v11.0 -mhard-float -mlittle-endian -mno-xl-soft-div -mno-xl-soft-mul -mxl-barrel-shift" "EXTRA_COMPILER_FLAGS=-ffunction-sections -fdata-sections -Wall -Wextra"
"Compiling gpio"
"Running Make libs in microblaze_0/libsrc/intc_v3_8/src"
make -C microblaze_0/libsrc/intc_v3_8/src -s libs  "SHELL=CMD" "COMPILER=mb-gcc" "ARCHIVER=mb-ar" "COMPILER_FLAGS=  -O2 -c -mcpu=v11.0 -mhard-float -mlittle-endian -mno-xl-soft-div -mno-xl-soft-mul -mxl-barrel-shift" "EXTRA_COMPILER_FLAGS=-ffunction-sections -fdata-sections -Wall -Wextra"
"Compiling intc"
"Running Make libs in microblaze_0/libsrc/lwip202_v1_2/src"
make -C microblaze_0/libsrc/lwip202_v1_2/src -s libs  "SHELL=CMD" "COMPILER=mb-gcc" "ARCHIVER=mb-ar" "COMPILER_FLAGS=  -O2 -c -mcpu=v11.0 -mhard-float -mlittle-endian -mno-xl-soft-div -mno-xl-soft-mul -mxl-barrel-shift" "EXTRA_COMPILER_FLAGS=-ffunction-sections -fdata-sections -Wall -Wextra"
"Compiling lwip src and adapter files"
contrib/ports/xilinx/netif/xadapter.c: In function 'eth_link_detect':
contrib/ports/xilinx/netif/xadapter.c:364:8: warning: unused variable 'link_speed' [-Wunused-variable]
  u32_t link_speed, phy_link_status;
        ^~~~~~~~~~
contrib/ports/xilinx/netif/xemacliteif.c: In function 'configure_IEEE_phy_speed_emaclite':
contrib/ports/xilinx/netif/xemacliteif.c:770:6: warning: unused variable 'phylinkspeed' [-Wunused-variable]
  u16 phylinkspeed;
      ^~~~~~~~~~~~
contrib/ports/xilinx/netif/xemacliteif.c:769:6: warning: unused variable 'status' [-Wunused-variable]
  u16 status;
      ^~~~~~
contrib/ports/xilinx/netif/xemacliteif.c: In function 'xemacliteif_init':
contrib/ports/xilinx/netif/xemacliteif.c:843:16: warning: assignment from incompatible pointer type [-Wincompatible-pointer-types]
  netif->output = xemacliteif_output;
                ^
"Running Make libs in microblaze_0/libsrc/standalone_v6_8/src"
make -C microblaze_0/libsrc/standalone_v6_8/src -s libs  "SHELL=CMD" "COMPILER=mb-gcc" "ARCHIVER=mb-ar" "COMPILER_FLAGS=  -O2 -c -mcpu=v11.0 -mhard-float -mlittle-endian -mno-xl-soft-div -mno-xl-soft-mul -mxl-barrel-shift" "EXTRA_COMPILER_FLAGS=-ffunction-sections -fdata-sections -Wall -Wextra"
"Compiling standalone";
microblaze_sleep.c:77:9: note: #pragma message: For the sleep routines, assembly instructions are used
 #pragma message ("For the sleep routines, assembly instructions are used")
         ^~~~~~~
"Running Make libs in microblaze_0/libsrc/tft_v6_1/src"
make -C microblaze_0/libsrc/tft_v6_1/src -s libs  "SHELL=CMD" "COMPILER=mb-gcc" "ARCHIVER=mb-ar" "COMPILER_FLAGS=  -O2 -c -mcpu=v11.0 -mhard-float -mlittle-endian -mno-xl-soft-div -mno-xl-soft-mul -mxl-barrel-shift" "EXTRA_COMPILER_FLAGS=-ffunction-sections -fdata-sections -Wall -Wextra"
"Compiling tft"
"Running Make libs in microblaze_0/libsrc/tmrctr_v4_5/src"
make -C microblaze_0/libsrc/tmrctr_v4_5/src -s libs  "SHELL=CMD" "COMPILER=mb-gcc" "ARCHIVER=mb-ar" "COMPILER_FLAGS=  -O2 -c -mcpu=v11.0 -mhard-float -mlittle-endian -mno-xl-soft-div -mno-xl-soft-mul -mxl-barrel-shift" "EXTRA_COMPILER_FLAGS=-ffunction-sections -fdata-sections -Wall -Wextra"
"Compiling tmrctr"
"Running Make libs in microblaze_0/libsrc/uartlite_v3_2/src"
make -C microblaze_0/libsrc/uartlite_v3_2/src -s libs  "SHELL=CMD" "COMPILER=mb-gcc" "ARCHIVER=mb-ar" "COMPILER_FLAGS=  -O2 -c -mcpu=v11.0 -mhard-float -mlittle-endian -mno-xl-soft-div -mno-xl-soft-mul -mxl-barrel-shift" "EXTRA_COMPILER_FLAGS=-ffunction-sections -fdata-sections -Wall -Wextra"
"Compiling uartlite"
'Finished building libraries'
11:49:57 **** Build of configuration Debug for project snake_game_client_2_player ****
make all 
'Building file: ../src/echo.c'
'Invoking: MicroBlaze gcc compiler'
mb-gcc -Wall -O0 -g3 -c -fmessage-length=0 -MT"src/echo.o" -I../../snake_game_client_2_player_bsp/microblaze_0/include -mlittle-endian -mxl-barrel-shift -mno-xl-soft-div -mcpu=v11.0 -mno-xl-soft-mul -mhard-float -Wl,--no-relax -ffunction-sections -fdata-sections -MMD -MP -MF"src/echo.d" -MT"src/echo.o" -o "src/echo.o" "../src/echo.c"
'Finished building: ../src/echo.c'
' '
'Building file: ../src/i2c_access.c'
'Invoking: MicroBlaze gcc compiler'
mb-gcc -Wall -O0 -g3 -c -fmessage-length=0 -MT"src/i2c_access.o" -I../../snake_game_client_2_player_bsp/microblaze_0/include -mlittle-endian -mxl-barrel-shift -mno-xl-soft-div -mcpu=v11.0 -mno-xl-soft-mul -mhard-float -Wl,--no-relax -ffunction-sections -fdata-sections -MMD -MP -MF"src/i2c_access.d" -MT"src/i2c_access.o" -o "src/i2c_access.o" "../src/i2c_access.c"
'Finished building: ../src/i2c_access.c'
' '
'Building file: ../src/iic_phyreset.c'
'Invoking: MicroBlaze gcc compiler'
mb-gcc -Wall -O0 -g3 -c -fmessage-length=0 -MT"src/iic_phyreset.o" -I../../snake_game_client_2_player_bsp/microblaze_0/include -mlittle-endian -mxl-barrel-shift -mno-xl-soft-div -mcpu=v11.0 -mno-xl-soft-mul -mhard-float -Wl,--no-relax -ffunction-sections -fdata-sections -MMD -MP -MF"src/iic_phyreset.d" -MT"src/iic_phyreset.o" -o "src/iic_phyreset.o" "../src/iic_phyreset.c"
'Finished building: ../src/iic_phyreset.c'
' '
'Building file: ../src/main.c'
'Invoking: MicroBlaze gcc compiler'
mb-gcc -Wall -O0 -g3 -c -fmessage-length=0 -MT"src/main.o" -I../../snake_game_client_2_player_bsp/microblaze_0/include -mlittle-endian -mxl-barrel-shift -mno-xl-soft-div -mcpu=v11.0 -mno-xl-soft-mul -mhard-float -Wl,--no-relax -ffunction-sections -fdata-sections -MMD -MP -MF"src/main.d" -MT"src/main.o" -o "src/main.o" "../src/main.c"
'Finished building: ../src/main.c'
' '
'Building file: ../src/platform.c'
'Invoking: MicroBlaze gcc compiler'
mb-gcc -Wall -O0 -g3 -c -fmessage-length=0 -MT"src/platform.o" -I../../snake_game_client_2_player_bsp/microblaze_0/include -mlittle-endian -mxl-barrel-shift -mno-xl-soft-div -mcpu=v11.0 -mno-xl-soft-mul -mhard-float -Wl,--no-relax -ffunction-sections -fdata-sections -MMD -MP -MF"src/platform.d" -MT"src/platform.o" -o "src/platform.o" "../src/platform.c"
'Finished building: ../src/platform.c'
' '
'Building file: ../src/platform_mb.c'
'Invoking: MicroBlaze gcc compiler'
mb-gcc -Wall -O0 -g3 -c -fmessage-length=0 -MT"src/platform_mb.o" -I../../snake_game_client_2_player_bsp/microblaze_0/include -mlittle-endian -mxl-barrel-shift -mno-xl-soft-div -mcpu=v11.0 -mno-xl-soft-mul -mhard-float -Wl,--no-relax -ffunction-sections -fdata-sections -MMD -MP -MF"src/platform_mb.d" -MT"src/platform_mb.o" -o "src/platform_mb.o" "../src/platform_mb.c"
'Finished building: ../src/platform_mb.c'
' '
'Building file: ../src/platform_ppc.c'
'Invoking: MicroBlaze gcc compiler'
mb-gcc -Wall -O0 -g3 -c -fmessage-length=0 -MT"src/platform_ppc.o" -I../../snake_game_client_2_player_bsp/microblaze_0/include -mlittle-endian -mxl-barrel-shift -mno-xl-soft-div -mcpu=v11.0 -mno-xl-soft-mul -mhard-float -Wl,--no-relax -ffunction-sections -fdata-sections -MMD -MP -MF"src/platform_ppc.d" -MT"src/platform_ppc.o" -o "src/platform_ppc.o" "../src/platform_ppc.c"
'Finished building: ../src/platform_ppc.c'
' '
'Building file: ../src/platform_zynq.c'
'Invoking: MicroBlaze gcc compiler'
mb-gcc -Wall -O0 -g3 -c -fmessage-length=0 -MT"src/platform_zynq.o" -I../../snake_game_client_2_player_bsp/microblaze_0/include -mlittle-endian -mxl-barrel-shift -mno-xl-soft-div -mcpu=v11.0 -mno-xl-soft-mul -mhard-float -Wl,--no-relax -ffunction-sections -fdata-sections -MMD -MP -MF"src/platform_zynq.d" -MT"src/platform_zynq.o" -o "src/platform_zynq.o" "../src/platform_zynq.c"
'Finished building: ../src/platform_zynq.c'
' '
'Building file: ../src/platform_zynqmp.c'
'Invoking: MicroBlaze gcc compiler'
mb-gcc -Wall -O0 -g3 -c -fmessage-length=0 -MT"src/platform_zynqmp.o" -I../../snake_game_client_2_player_bsp/microblaze_0/include -mlittle-endian -mxl-barrel-shift -mno-xl-soft-div -mcpu=v11.0 -mno-xl-soft-mul -mhard-float -Wl,--no-relax -ffunction-sections -fdata-sections -MMD -MP -MF"src/platform_zynqmp.d" -MT"src/platform_zynqmp.o" -o "src/platform_zynqmp.o" "../src/platform_zynqmp.c"
'Finished building: ../src/platform_zynqmp.c'
' '
'Building file: ../src/sfp.c'
'Invoking: MicroBlaze gcc compiler'
mb-gcc -Wall -O0 -g3 -c -fmessage-length=0 -MT"src/sfp.o" -I../../snake_game_client_2_player_bsp/microblaze_0/include -mlittle-endian -mxl-barrel-shift -mno-xl-soft-div -mcpu=v11.0 -mno-xl-soft-mul -mhard-float -Wl,--no-relax -ffunction-sections -fdata-sections -MMD -MP -MF"src/sfp.d" -MT"src/sfp.o" -o "src/sfp.o" "../src/sfp.c"
'Finished building: ../src/sfp.c'
' '
'Building file: ../src/si5324.c'
'Invoking: MicroBlaze gcc compiler'
mb-gcc -Wall -O0 -g3 -c -fmessage-length=0 -MT"src/si5324.o" -I../../snake_game_client_2_player_bsp/microblaze_0/include -mlittle-endian -mxl-barrel-shift -mno-xl-soft-div -mcpu=v11.0 -mno-xl-soft-mul -mhard-float -Wl,--no-relax -ffunction-sections -fdata-sections -MMD -MP -MF"src/si5324.d" -MT"src/si5324.o" -o "src/si5324.o" "../src/si5324.c"
'Finished building: ../src/si5324.c'
' '
'Building target: snake_game_client_2_player.elf'
'Invoking: MicroBlaze gcc linker'
mb-gcc -Wl,-T -Wl,../src/lscript.ld -L../../snake_game_client_2_player_bsp/microblaze_0/lib -mlittle-endian -mxl-barrel-shift -mno-xl-soft-div -mcpu=v11.0 -mno-xl-soft-mul -mhard-float -Wl,--no-relax -Wl,--gc-sections -o "snake_game_client_2_player.elf"  ./src/echo.o ./src/i2c_access.o ./src/iic_phyreset.o ./src/main.o ./src/platform.o ./src/platform_mb.o ./src/platform_ppc.o ./src/platform_zynq.o ./src/platform_zynqmp.o ./src/sfp.o ./src/si5324.o   -Wl,--start-group,-lxil,-lgcc,-lc,--end-group -Wl,--start-group,-lxil,-llwip4,-lgcc,-lc,--end-group
'Finished building target: snake_game_client_2_player.elf'
' '
'Invoking: MicroBlaze Print Size'
mb-size snake_game_client_2_player.elf  |tee "snake_game_client_2_player.elf.size"
   text	   data	    bss	    dec	    hex	filename
  82900	   1448	3962324	4046672	 3dbf50	snake_game_client_2_player.elf
'Finished building: snake_game_client_2_player.elf.size'
' '
11:50:51 **** Auto Build of configuration Debug for project snake_game_client_2_player ****
make all 
'Building target: snake_game_client_2_player.elf'
'Invoking: MicroBlaze gcc linker'
mb-gcc -Wl,-T -Wl,../src/lscript.ld -L../../snake_game_client_2_player_bsp/microblaze_0/lib -mlittle-endian -mxl-barrel-shift -mno-xl-soft-div -mcpu=v11.0 -mno-xl-soft-mul -mhard-float -Wl,--no-relax -Wl,--gc-sections -o "snake_game_client_2_player.elf"  ./src/echo.o ./src/i2c_access.o ./src/iic_phyreset.o ./src/main.o ./src/platform.o ./src/platform_mb.o ./src/platform_ppc.o ./src/platform_zynq.o ./src/platform_zynqmp.o ./src/sfp.o ./src/si5324.o   -Wl,--start-group,-lxil,-lgcc,-lc,--end-group -Wl,--start-group,-lxil,-llwip4,-lgcc,-lc,--end-group
'Finished building target: snake_game_client_2_player.elf'
' '
'Invoking: MicroBlaze Print Size'
mb-size snake_game_client_2_player.elf  |tee "snake_game_client_2_player.elf.size"
   text	   data	    bss	    dec	    hex	filename
  82900	   1448	3962324	4046672	 3dbf50	snake_game_client_2_player.elf
'Finished building: snake_game_client_2_player.elf.size'
' '
11:51:12 **** Auto Build of project snake_game_client_2_player_bsp ****
make -k all 
"Running Make include in microblaze_0/libsrc/bram_v4_2/src"
make -C microblaze_0/libsrc/bram_v4_2/src -s include  "SHELL=CMD" "COMPILER=mb-gcc" "ARCHIVER=mb-ar" "COMPILER_FLAGS=  -O2 -c -mcpu=v11.0 -mhard-float -mlittle-endian -mno-xl-soft-div -mno-xl-soft-mul -mxl-barrel-shift" "EXTRA_COMPILER_FLAGS=-ffunction-sections -fdata-sections -Wall -Wextra"
"Running Make include in microblaze_0/libsrc/cpu_v2_8/src"
make -C microblaze_0/libsrc/cpu_v2_8/src -s include  "SHELL=CMD" "COMPILER=mb-gcc" "ARCHIVER=mb-ar" "COMPILER_FLAGS=  -O2 -c -mcpu=v11.0 -mhard-float -mlittle-endian -mno-xl-soft-div -mno-xl-soft-mul -mxl-barrel-shift" "EXTRA_COMPILER_FLAGS=-ffunction-sections -fdata-sections -Wall -Wextra"
"Running Make include in microblaze_0/libsrc/emaclite_v4_3/src"
make -C microblaze_0/libsrc/emaclite_v4_3/src -s include  "SHELL=CMD" "COMPILER=mb-gcc" "ARCHIVER=mb-ar" "COMPILER_FLAGS=  -O2 -c -mcpu=v11.0 -mhard-float -mlittle-endian -mno-xl-soft-div -mno-xl-soft-mul -mxl-barrel-shift" "EXTRA_COMPILER_FLAGS=-ffunction-sections -fdata-sections -Wall -Wextra"
"Running Make include in microblaze_0/libsrc/gpio_v4_3/src"
make -C microblaze_0/libsrc/gpio_v4_3/src -s include  "SHELL=CMD" "COMPILER=mb-gcc" "ARCHIVER=mb-ar" "COMPILER_FLAGS=  -O2 -c -mcpu=v11.0 -mhard-float -mlittle-endian -mno-xl-soft-div -mno-xl-soft-mul -mxl-barrel-shift" "EXTRA_COMPILER_FLAGS=-ffunction-sections -fdata-sections -Wall -Wextra"
"Running Make include in microblaze_0/libsrc/intc_v3_8/src"
make -C microblaze_0/libsrc/intc_v3_8/src -s include  "SHELL=CMD" "COMPILER=mb-gcc" "ARCHIVER=mb-ar" "COMPILER_FLAGS=  -O2 -c -mcpu=v11.0 -mhard-float -mlittle-endian -mno-xl-soft-div -mno-xl-soft-mul -mxl-barrel-shift" "EXTRA_COMPILER_FLAGS=-ffunction-sections -fdata-sections -Wall -Wextra"
"Running Make include in microblaze_0/libsrc/lwip202_v1_2/src"
make -C microblaze_0/libsrc/lwip202_v1_2/src -s include  "SHELL=CMD" "COMPILER=mb-gcc" "ARCHIVER=mb-ar" "COMPILER_FLAGS=  -O2 -c -mcpu=v11.0 -mhard-float -mlittle-endian -mno-xl-soft-div -mno-xl-soft-mul -mxl-barrel-shift" "EXTRA_COMPILER_FLAGS=-ffunction-sections -fdata-sections -Wall -Wextra"
"Running Make include in microblaze_0/libsrc/standalone_v6_8/src"
make -C microblaze_0/libsrc/standalone_v6_8/src -s include  "SHELL=CMD" "COMPILER=mb-gcc" "ARCHIVER=mb-ar" "COMPILER_FLAGS=  -O2 -c -mcpu=v11.0 -mhard-float -mlittle-endian -mno-xl-soft-div -mno-xl-soft-mul -mxl-barrel-shift" "EXTRA_COMPILER_FLAGS=-ffunction-sections -fdata-sections -Wall -Wextra"
"Running Make include in microblaze_0/libsrc/tft_v6_1/src"
make -C microblaze_0/libsrc/tft_v6_1/src -s include  "SHELL=CMD" "COMPILER=mb-gcc" "ARCHIVER=mb-ar" "COMPILER_FLAGS=  -O2 -c -mcpu=v11.0 -mhard-float -mlittle-endian -mno-xl-soft-div -mno-xl-soft-mul -mxl-barrel-shift" "EXTRA_COMPILER_FLAGS=-ffunction-sections -fdata-sections -Wall -Wextra"
"Running Make include in microblaze_0/libsrc/tmrctr_v4_5/src"
make -C microblaze_0/libsrc/tmrctr_v4_5/src -s include  "SHELL=CMD" "COMPILER=mb-gcc" "ARCHIVER=mb-ar" "COMPILER_FLAGS=  -O2 -c -mcpu=v11.0 -mhard-float -mlittle-endian -mno-xl-soft-div -mno-xl-soft-mul -mxl-barrel-shift" "EXTRA_COMPILER_FLAGS=-ffunction-sections -fdata-sections -Wall -Wextra"
"Running Make include in microblaze_0/libsrc/uartlite_v3_2/src"
make -C microblaze_0/libsrc/uartlite_v3_2/src -s include  "SHELL=CMD" "COMPILER=mb-gcc" "ARCHIVER=mb-ar" "COMPILER_FLAGS=  -O2 -c -mcpu=v11.0 -mhard-float -mlittle-endian -mno-xl-soft-div -mno-xl-soft-mul -mxl-barrel-shift" "EXTRA_COMPILER_FLAGS=-ffunction-sections -fdata-sections -Wall -Wextra"
"Running Make libs in microblaze_0/libsrc/bram_v4_2/src"
make -C microblaze_0/libsrc/bram_v4_2/src -s libs  "SHELL=CMD" "COMPILER=mb-gcc" "ARCHIVER=mb-ar" "COMPILER_FLAGS=  -O2 -c -mcpu=v11.0 -mhard-float -mlittle-endian -mno-xl-soft-div -mno-xl-soft-mul -mxl-barrel-shift" "EXTRA_COMPILER_FLAGS=-ffunction-sections -fdata-sections -Wall -Wextra"
"Compiling bram"
mb-ar: creating ../../../lib/libxil.a
"Running Make libs in microblaze_0/libsrc/cpu_v2_8/src"
make -C microblaze_0/libsrc/cpu_v2_8/src -s libs  "SHELL=CMD" "COMPILER=mb-gcc" "ARCHIVER=mb-ar" "COMPILER_FLAGS=  -O2 -c -mcpu=v11.0 -mhard-float -mlittle-endian -mno-xl-soft-div -mno-xl-soft-mul -mxl-barrel-shift" "EXTRA_COMPILER_FLAGS=-ffunction-sections -fdata-sections -Wall -Wextra"
"Compiling cpu"
"Running Make libs in microblaze_0/libsrc/emaclite_v4_3/src"
make -C microblaze_0/libsrc/emaclite_v4_3/src -s libs  "SHELL=CMD" "COMPILER=mb-gcc" "ARCHIVER=mb-ar" "COMPILER_FLAGS=  -O2 -c -mcpu=v11.0 -mhard-float -mlittle-endian -mno-xl-soft-div -mno-xl-soft-mul -mxl-barrel-shift" "EXTRA_COMPILER_FLAGS=-ffunction-sections -fdata-sections -Wall -Wextra"
"Compiling emaclite"
"Running Make libs in microblaze_0/libsrc/gpio_v4_3/src"
make -C microblaze_0/libsrc/gpio_v4_3/src -s libs  "SHELL=CMD" "COMPILER=mb-gcc" "ARCHIVER=mb-ar" "COMPILER_FLAGS=  -O2 -c -mcpu=v11.0 -mhard-float -mlittle-endian -mno-xl-soft-div -mno-xl-soft-mul -mxl-barrel-shift" "EXTRA_COMPILER_FLAGS=-ffunction-sections -fdata-sections -Wall -Wextra"
"Compiling gpio"
"Running Make libs in microblaze_0/libsrc/intc_v3_8/src"
make -C microblaze_0/libsrc/intc_v3_8/src -s libs  "SHELL=CMD" "COMPILER=mb-gcc" "ARCHIVER=mb-ar" "COMPILER_FLAGS=  -O2 -c -mcpu=v11.0 -mhard-float -mlittle-endian -mno-xl-soft-div -mno-xl-soft-mul -mxl-barrel-shift" "EXTRA_COMPILER_FLAGS=-ffunction-sections -fdata-sections -Wall -Wextra"
"Compiling intc"
"Running Make libs in microblaze_0/libsrc/lwip202_v1_2/src"
make -C microblaze_0/libsrc/lwip202_v1_2/src -s libs  "SHELL=CMD" "COMPILER=mb-gcc" "ARCHIVER=mb-ar" "COMPILER_FLAGS=  -O2 -c -mcpu=v11.0 -mhard-float -mlittle-endian -mno-xl-soft-div -mno-xl-soft-mul -mxl-barrel-shift" "EXTRA_COMPILER_FLAGS=-ffunction-sections -fdata-sections -Wall -Wextra"
"Compiling lwip src and adapter files"
contrib/ports/xilinx/netif/xadapter.c: In function 'eth_link_detect':
contrib/ports/xilinx/netif/xadapter.c:364:8: warning: unused variable 'link_speed' [-Wunused-variable]
  u32_t link_speed, phy_link_status;
        ^~~~~~~~~~
contrib/ports/xilinx/netif/xemacliteif.c: In function 'configure_IEEE_phy_speed_emaclite':
contrib/ports/xilinx/netif/xemacliteif.c:770:6: warning: unused variable 'phylinkspeed' [-Wunused-variable]
  u16 phylinkspeed;
      ^~~~~~~~~~~~
contrib/ports/xilinx/netif/xemacliteif.c:769:6: warning: unused variable 'status' [-Wunused-variable]
  u16 status;
      ^~~~~~
contrib/ports/xilinx/netif/xemacliteif.c: In function 'xemacliteif_init':
contrib/ports/xilinx/netif/xemacliteif.c:843:16: warning: assignment from incompatible pointer type [-Wincompatible-pointer-types]
  netif->output = xemacliteif_output;
                ^
"Running Make libs in microblaze_0/libsrc/standalone_v6_8/src"
make -C microblaze_0/libsrc/standalone_v6_8/src -s libs  "SHELL=CMD" "COMPILER=mb-gcc" "ARCHIVER=mb-ar" "COMPILER_FLAGS=  -O2 -c -mcpu=v11.0 -mhard-float -mlittle-endian -mno-xl-soft-div -mno-xl-soft-mul -mxl-barrel-shift" "EXTRA_COMPILER_FLAGS=-ffunction-sections -fdata-sections -Wall -Wextra"
"Compiling standalone";
microblaze_sleep.c:77:9: note: #pragma message: For the sleep routines, assembly instructions are used
 #pragma message ("For the sleep routines, assembly instructions are used")
         ^~~~~~~
"Running Make libs in microblaze_0/libsrc/tft_v6_1/src"
make -C microblaze_0/libsrc/tft_v6_1/src -s libs  "SHELL=CMD" "COMPILER=mb-gcc" "ARCHIVER=mb-ar" "COMPILER_FLAGS=  -O2 -c -mcpu=v11.0 -mhard-float -mlittle-endian -mno-xl-soft-div -mno-xl-soft-mul -mxl-barrel-shift" "EXTRA_COMPILER_FLAGS=-ffunction-sections -fdata-sections -Wall -Wextra"
"Compiling tft"
"Running Make libs in microblaze_0/libsrc/tmrctr_v4_5/src"
make -C microblaze_0/libsrc/tmrctr_v4_5/src -s libs  "SHELL=CMD" "COMPILER=mb-gcc" "ARCHIVER=mb-ar" "COMPILER_FLAGS=  -O2 -c -mcpu=v11.0 -mhard-float -mlittle-endian -mno-xl-soft-div -mno-xl-soft-mul -mxl-barrel-shift" "EXTRA_COMPILER_FLAGS=-ffunction-sections -fdata-sections -Wall -Wextra"
"Compiling tmrctr"
"Running Make libs in microblaze_0/libsrc/uartlite_v3_2/src"
make -C microblaze_0/libsrc/uartlite_v3_2/src -s libs  "SHELL=CMD" "COMPILER=mb-gcc" "ARCHIVER=mb-ar" "COMPILER_FLAGS=  -O2 -c -mcpu=v11.0 -mhard-float -mlittle-endian -mno-xl-soft-div -mno-xl-soft-mul -mxl-barrel-shift" "EXTRA_COMPILER_FLAGS=-ffunction-sections -fdata-sections -Wall -Wextra"
"Compiling uartlite"
'Finished building libraries'
11:51:49 **** Clean-only build of configuration Debug for project snake_game_client_2_player ****
make clean 
rm -rf  ./src/echo.o ./src/i2c_access.o ./src/iic_phyreset.o ./src/main.o ./src/platform.o ./src/platform_mb.o ./src/platform_ppc.o ./src/platform_zynq.o ./src/platform_zynqmp.o ./src/sfp.o ./src/si5324.o  ./src/echo.d ./src/i2c_access.d ./src/iic_phyreset.d ./src/main.d ./src/platform.d ./src/platform_mb.d ./src/platform_ppc.d ./src/platform_zynq.d ./src/platform_zynqmp.d ./src/sfp.d ./src/si5324.d  snake_game_client_2_player.elf.size  snake_game_client_2_player.elf
' '
11:51:49 **** Auto Build of configuration Debug for project snake_game_client_2_player ****
make all 
'Building file: ../src/i2c_access.c'
'Invoking: MicroBlaze gcc compiler'
mb-gcc -Wall -O0 -g3 -c -fmessage-length=0 -MT"src/i2c_access.o" -I../../snake_game_client_2_player_bsp/microblaze_0/include -mlittle-endian -mxl-barrel-shift -mno-xl-soft-div -mcpu=v11.0 -mno-xl-soft-mul -mhard-float -Wl,--no-relax -ffunction-sections -fdata-sections -MMD -MP -MF"src/i2c_access.d" -MT"src/i2c_access.o" -o "src/i2c_access.o" "../src/i2c_access.c"
'Finished building: ../src/i2c_access.c'
' '
'Building file: ../src/iic_phyreset.c'
'Invoking: MicroBlaze gcc compiler'
mb-gcc -Wall -O0 -g3 -c -fmessage-length=0 -MT"src/iic_phyreset.o" -I../../snake_game_client_2_player_bsp/microblaze_0/include -mlittle-endian -mxl-barrel-shift -mno-xl-soft-div -mcpu=v11.0 -mno-xl-soft-mul -mhard-float -Wl,--no-relax -ffunction-sections -fdata-sections -MMD -MP -MF"src/iic_phyreset.d" -MT"src/iic_phyreset.o" -o "src/iic_phyreset.o" "../src/iic_phyreset.c"
'Finished building: ../src/iic_phyreset.c'
' '
'Building file: ../src/main.c'
'Invoking: MicroBlaze gcc compiler'
mb-gcc -Wall -O0 -g3 -c -fmessage-length=0 -MT"src/main.o" -I../../snake_game_client_2_player_bsp/microblaze_0/include -mlittle-endian -mxl-barrel-shift -mno-xl-soft-div -mcpu=v11.0 -mno-xl-soft-mul -mhard-float -Wl,--no-relax -ffunction-sections -fdata-sections -MMD -MP -MF"src/main.d" -MT"src/main.o" -o "src/main.o" "../src/main.c"
'Finished building: ../src/main.c'
' '
'Building file: ../src/platform.c'
'Invoking: MicroBlaze gcc compiler'
mb-gcc -Wall -O0 -g3 -c -fmessage-length=0 -MT"src/platform.o" -I../../snake_game_client_2_player_bsp/microblaze_0/include -mlittle-endian -mxl-barrel-shift -mno-xl-soft-div -mcpu=v11.0 -mno-xl-soft-mul -mhard-float -Wl,--no-relax -ffunction-sections -fdata-sections -MMD -MP -MF"src/platform.d" -MT"src/platform.o" -o "src/platform.o" "../src/platform.c"
'Finished building: ../src/platform.c'
' '
'Building file: ../src/platform_mb.c'
'Invoking: MicroBlaze gcc compiler'
mb-gcc -Wall -O0 -g3 -c -fmessage-length=0 -MT"src/platform_mb.o" -I../../snake_game_client_2_player_bsp/microblaze_0/include -mlittle-endian -mxl-barrel-shift -mno-xl-soft-div -mcpu=v11.0 -mno-xl-soft-mul -mhard-float -Wl,--no-relax -ffunction-sections -fdata-sections -MMD -MP -MF"src/platform_mb.d" -MT"src/platform_mb.o" -o "src/platform_mb.o" "../src/platform_mb.c"
'Finished building: ../src/platform_mb.c'
' '
'Building file: ../src/platform_ppc.c'
'Invoking: MicroBlaze gcc compiler'
mb-gcc -Wall -O0 -g3 -c -fmessage-length=0 -MT"src/platform_ppc.o" -I../../snake_game_client_2_player_bsp/microblaze_0/include -mlittle-endian -mxl-barrel-shift -mno-xl-soft-div -mcpu=v11.0 -mno-xl-soft-mul -mhard-float -Wl,--no-relax -ffunction-sections -fdata-sections -MMD -MP -MF"src/platform_ppc.d" -MT"src/platform_ppc.o" -o "src/platform_ppc.o" "../src/platform_ppc.c"
'Finished building: ../src/platform_ppc.c'
' '
'Building file: ../src/platform_zynq.c'
'Invoking: MicroBlaze gcc compiler'
mb-gcc -Wall -O0 -g3 -c -fmessage-length=0 -MT"src/platform_zynq.o" -I../../snake_game_client_2_player_bsp/microblaze_0/include -mlittle-endian -mxl-barrel-shift -mno-xl-soft-div -mcpu=v11.0 -mno-xl-soft-mul -mhard-float -Wl,--no-relax -ffunction-sections -fdata-sections -MMD -MP -MF"src/platform_zynq.d" -MT"src/platform_zynq.o" -o "src/platform_zynq.o" "../src/platform_zynq.c"
'Finished building: ../src/platform_zynq.c'
' '
'Building file: ../src/platform_zynqmp.c'
'Invoking: MicroBlaze gcc compiler'
mb-gcc -Wall -O0 -g3 -c -fmessage-length=0 -MT"src/platform_zynqmp.o" -I../../snake_game_client_2_player_bsp/microblaze_0/include -mlittle-endian -mxl-barrel-shift -mno-xl-soft-div -mcpu=v11.0 -mno-xl-soft-mul -mhard-float -Wl,--no-relax -ffunction-sections -fdata-sections -MMD -MP -MF"src/platform_zynqmp.d" -MT"src/platform_zynqmp.o" -o "src/platform_zynqmp.o" "../src/platform_zynqmp.c"
'Finished building: ../src/platform_zynqmp.c'
' '
'Building file: ../src/sfp.c'
'Invoking: MicroBlaze gcc compiler'
mb-gcc -Wall -O0 -g3 -c -fmessage-length=0 -MT"src/sfp.o" -I../../snake_game_client_2_player_bsp/microblaze_0/include -mlittle-endian -mxl-barrel-shift -mno-xl-soft-div -mcpu=v11.0 -mno-xl-soft-mul -mhard-float -Wl,--no-relax -ffunction-sections -fdata-sections -MMD -MP -MF"src/sfp.d" -MT"src/sfp.o" -o "src/sfp.o" "../src/sfp.c"
'Finished building: ../src/sfp.c'
' '
'Building file: ../src/si5324.c'
'Invoking: MicroBlaze gcc compiler'
mb-gcc -Wall -O0 -g3 -c -fmessage-length=0 -MT"src/si5324.o" -I../../snake_game_client_2_player_bsp/microblaze_0/include -mlittle-endian -mxl-barrel-shift -mno-xl-soft-div -mcpu=v11.0 -mno-xl-soft-mul -mhard-float -Wl,--no-relax -ffunction-sections -fdata-sections -MMD -MP -MF"src/si5324.d" -MT"src/si5324.o" -o "src/si5324.o" "../src/si5324.c"
'Finished building: ../src/si5324.c'
' '
'Building target: snake_game_client_2_player.elf'
'Invoking: MicroBlaze gcc linker'
mb-gcc -Wl,-T -Wl,../src/lscript.ld -L../../snake_game_client_2_player_bsp/microblaze_0/lib -mlittle-endian -mxl-barrel-shift -mno-xl-soft-div -mcpu=v11.0 -mno-xl-soft-mul -mhard-float -Wl,--no-relax -Wl,--gc-sections -o "snake_game_client_2_player.elf"  ./src/i2c_access.o ./src/iic_phyreset.o ./src/main.o ./src/platform.o ./src/platform_mb.o ./src/platform_ppc.o ./src/platform_zynq.o ./src/platform_zynqmp.o ./src/sfp.o ./src/si5324.o   -Wl,--start-group,-lxil,-lgcc,-lc,--end-group -Wl,--start-group,-lxil,-llwip4,-lgcc,-lc,--end-group
./src/main.o: In function `main':
C:\Users\chanmi53\VGA_mar_7_work\VGA\VGA.sdk\snake_game_client_2_player\Debug/../src/main.c:161: undefined reference to `print_app_header'
C:\Users\chanmi53\VGA_mar_7_work\VGA\VGA.sdk\snake_game_client_2_player\Debug/../src/main.c:227: undefined reference to `start_application'
C:\Users\chanmi53\VGA_mar_7_work\VGA\VGA.sdk\snake_game_client_2_player\Debug/../src/main.c:240: undefined reference to `transfer_data'
collect2.exe: error: ld returned 1 exit status
make: *** [makefile:38: snake_game_client_2_player.elf] Error 1
11:52:09 **** Auto Build of configuration Debug for project snake_game_client_2_player ****
make all 
'Building file: ../src/vga.c'
'Invoking: MicroBlaze gcc compiler'
mb-gcc -Wall -O0 -g3 -c -fmessage-length=0 -MT"src/vga.o" -I../../snake_game_client_2_player_bsp/microblaze_0/include -mlittle-endian -mxl-barrel-shift -mno-xl-soft-div -mcpu=v11.0 -mno-xl-soft-mul -mhard-float -Wl,--no-relax -ffunction-sections -fdata-sections -MMD -MP -MF"src/vga.d" -MT"src/vga.o" -o "src/vga.o" "../src/vga.c"
'Finished building: ../src/vga.c'
' '
'Building target: snake_game_client_2_player.elf'
'Invoking: MicroBlaze gcc linker'
mb-gcc -Wl,-T -Wl,../src/lscript.ld -L../../snake_game_client_2_player_bsp/microblaze_0/lib -mlittle-endian -mxl-barrel-shift -mno-xl-soft-div -mcpu=v11.0 -mno-xl-soft-mul -mhard-float -Wl,--no-relax -Wl,--gc-sections -o "snake_game_client_2_player.elf"  ./src/i2c_access.o ./src/iic_phyreset.o ./src/main.o ./src/platform.o ./src/platform_mb.o ./src/platform_ppc.o ./src/platform_zynq.o ./src/platform_zynqmp.o ./src/sfp.o ./src/si5324.o ./src/vga.o   -Wl,--start-group,-lxil,-lgcc,-lc,--end-group -Wl,--start-group,-lxil,-llwip4,-lgcc,-lc,--end-group
./src/main.o: In function `main':
C:\Users\chanmi53\VGA_mar_7_work\VGA\VGA.sdk\snake_game_client_2_player\Debug/../src/main.c:161: undefined reference to `print_app_header'
C:\Users\chanmi53\VGA_mar_7_work\VGA\VGA.sdk\snake_game_client_2_player\Debug/../src/main.c:227: undefined reference to `start_application'
C:\Users\chanmi53\VGA_mar_7_work\VGA\VGA.sdk\snake_game_client_2_player\Debug/../src/main.c:240: undefined reference to `transfer_data'
collect2.exe: error: ld returned 1 exit status
make: *** [makefile:38: snake_game_client_2_player.elf] Error 1
11:52:15 **** Auto Build of configuration Debug for project snake_game_client_2_player ****
make all 
'Building target: snake_game_client_2_player.elf'
'Invoking: MicroBlaze gcc linker'
mb-gcc -Wl,-T -Wl,../src/lscript.ld -L../../snake_game_client_2_player_bsp/microblaze_0/lib -mlittle-endian -mxl-barrel-shift -mno-xl-soft-div -mcpu=v11.0 -mno-xl-soft-mul -mhard-float -Wl,--no-relax -Wl,--gc-sections -o "snake_game_client_2_player.elf"  ./src/i2c_access.o ./src/iic_phyreset.o ./src/main.o ./src/platform.o ./src/platform_mb.o ./src/platform_ppc.o ./src/platform_zynq.o ./src/platform_zynqmp.o ./src/sfp.o ./src/si5324.o ./src/vga.o   -Wl,--start-group,-lxil,-lgcc,-lc,--end-group -Wl,--start-group,-lxil,-llwip4,-lgcc,-lc,--end-group
./src/main.o: In function `main':
C:\Users\chanmi53\VGA_mar_7_work\VGA\VGA.sdk\snake_game_client_2_player\Debug/../src/main.c:161: undefined reference to `print_app_header'
C:\Users\chanmi53\VGA_mar_7_work\VGA\VGA.sdk\snake_game_client_2_player\Debug/../src/main.c:227: undefined reference to `start_application'
C:\Users\chanmi53\VGA_mar_7_work\VGA\VGA.sdk\snake_game_client_2_player\Debug/../src/main.c:240: undefined reference to `transfer_data'
collect2.exe: error: ld returned 1 exit status
make: *** [makefile:38: snake_game_client_2_player.elf] Error 1
11:52:25 **** Auto Build of configuration Debug for project snake_game_client_2_player ****
make all 
'Building file: ../src/main.c'
'Invoking: MicroBlaze gcc compiler'
mb-gcc -Wall -O0 -g3 -c -fmessage-length=0 -MT"src/main.o" -I../../snake_game_client_2_player_bsp/microblaze_0/include -mlittle-endian -mxl-barrel-shift -mno-xl-soft-div -mcpu=v11.0 -mno-xl-soft-mul -mhard-float -Wl,--no-relax -ffunction-sections -fdata-sections -MMD -MP -MF"src/main.d" -MT"src/main.o" -o "src/main.o" "../src/main.c"
../src/main.c:136:1: error: unknown type name 'color'
 color black = { .R = 0x0, .G = 0x0, .B = 0x0 };
 ^~~~~
../src/main.c:136:17: error: field name not in record or union initializer
 color black = { .R = 0x0, .G = 0x0, .B = 0x0 };
                 ^
../src/main.c:136:17: note: (near initialization for 'black')
../src/main.c:136:27: error: field name not in record or union initializer
 color black = { .R = 0x0, .G = 0x0, .B = 0x0 };
                           ^
../src/main.c:136:27: note: (near initialization for 'black')
../src/main.c:136:32: warning: excess elements in scalar initializer
 color black = { .R = 0x0, .G = 0x0, .B = 0x0 };
                                ^~~
../src/main.c:136:32: note: (near initialization for 'black')
../src/main.c:136:37: error: field name not in record or union initializer
 color black = { .R = 0x0, .G = 0x0, .B = 0x0 };
                                     ^
../src/main.c:136:37: note: (near initialization for 'black')
../src/main.c:136:42: warning: excess elements in scalar initializer
 color black = { .R = 0x0, .G = 0x0, .B = 0x0 };
                                          ^~~
../src/main.c:136:42: note: (near initialization for 'black')
../src/main.c:137:1: error: unknown type name 'color'
 color lettercolor = { .R = 0x0, .G = 0xa, .B = 0xa };
 ^~~~~
../src/main.c:137:23: error: field name not in record or union initializer
 color lettercolor = { .R = 0x0, .G = 0xa, .B = 0xa };
                       ^
../src/main.c:137:23: note: (near initialization for 'lettercolor')
../src/main.c:137:33: error: field name not in record or union initializer
 color lettercolor = { .R = 0x0, .G = 0xa, .B = 0xa };
                                 ^
../src/main.c:137:33: note: (near initialization for 'lettercolor')
../src/main.c:137:38: warning: excess elements in scalar initializer
 color lettercolor = { .R = 0x0, .G = 0xa, .B = 0xa };
                                      ^~~
../src/main.c:137:38: note: (near initialization for 'lettercolor')
../src/main.c:137:43: error: field name not in record or union initializer
 color lettercolor = { .R = 0x0, .G = 0xa, .B = 0xa };
                                           ^
../src/main.c:137:43: note: (near initialization for 'lettercolor')
../src/main.c:137:48: warning: excess elements in scalar initializer
 color lettercolor = { .R = 0x0, .G = 0xa, .B = 0xa };
                                                ^~~
../src/main.c:137:48: note: (near initialization for 'lettercolor')
../src/main.c:138:1: error: unknown type name 'color'
 color circlecolor = { .R = 0xd, .G = 0x4, .B = 0x9 };
 ^~~~~
../src/main.c:138:23: error: field name not in record or union initializer
 color circlecolor = { .R = 0xd, .G = 0x4, .B = 0x9 };
                       ^
../src/main.c:138:23: note: (near initialization for 'circlecolor')
../src/main.c:138:33: error: field name not in record or union initializer
 color circlecolor = { .R = 0xd, .G = 0x4, .B = 0x9 };
                                 ^
../src/main.c:138:33: note: (near initialization for 'circlecolor')
../src/main.c:138:38: warning: excess elements in scalar initializer
 color circlecolor = { .R = 0xd, .G = 0x4, .B = 0x9 };
                                      ^~~
../src/main.c:138:38: note: (near initialization for 'circlecolor')
../src/main.c:138:43: error: field name not in record or union initializer
 color circlecolor = { .R = 0xd, .G = 0x4, .B = 0x9 };
                                           ^
../src/main.c:138:43: note: (near initialization for 'circlecolor')
../src/main.c:138:48: warning: excess elements in scalar initializer
 color circlecolor = { .R = 0xd, .G = 0x4, .B = 0x9 };
                                                ^~~
../src/main.c:138:48: note: (near initialization for 'circlecolor')
../src/main.c:139:1: error: unknown type name 'color'
 color green = {.R = 0x0, .G = 0xf, .B = 0x0 };
 ^~~~~
../src/main.c:139:16: error: field name not in record or union initializer
 color green = {.R = 0x0, .G = 0xf, .B = 0x0 };
                ^
../src/main.c:139:16: note: (near initialization for 'green')
../src/main.c:139:26: error: field name not in record or union initializer
 color green = {.R = 0x0, .G = 0xf, .B = 0x0 };
                          ^
../src/main.c:139:26: note: (near initialization for 'green')
../src/main.c:139:31: warning: excess elements in scalar initializer
 color green = {.R = 0x0, .G = 0xf, .B = 0x0 };
                               ^~~
../src/main.c:139:31: note: (near initialization for 'green')
../src/main.c:139:36: error: field name not in record or union initializer
 color green = {.R = 0x0, .G = 0xf, .B = 0x0 };
                                    ^
../src/main.c:139:36: note: (near initialization for 'green')
../src/main.c:139:41: warning: excess elements in scalar initializer
 color green = {.R = 0x0, .G = 0xf, .B = 0x0 };
                                         ^~~
../src/main.c:139:41: note: (near initialization for 'green')
../src/main.c:140:1: error: unknown type name 'color'
 color red = { .R = 0xFF, .G = 0x0, .B = 0x0 };
 ^~~~~
../src/main.c:140:15: error: field name not in record or union initializer
 color red = { .R = 0xFF, .G = 0x0, .B = 0x0 };
               ^
../src/main.c:140:15: note: (near initialization for 'red')
../src/main.c:140:26: error: field name not in record or union initializer
 color red = { .R = 0xFF, .G = 0x0, .B = 0x0 };
                          ^
../src/main.c:140:26: note: (near initialization for 'red')
../src/main.c:140:31: warning: excess elements in scalar initializer
 color red = { .R = 0xFF, .G = 0x0, .B = 0x0 };
                               ^~~
../src/main.c:140:31: note: (near initialization for 'red')
../src/main.c:140:36: error: field name not in record or union initializer
 color red = { .R = 0xFF, .G = 0x0, .B = 0x0 };
                                    ^
../src/main.c:140:36: note: (near initialization for 'red')
../src/main.c:140:41: warning: excess elements in scalar initializer
 color red = { .R = 0xFF, .G = 0x0, .B = 0x0 };
                                         ^~~
../src/main.c:140:41: note: (near initialization for 'red')
../src/main.c: In function 'main':
../src/main.c:206:2: warning: implicit declaration of function 'init_vga_settings'; did you mean 'print_ip_settings'? [-Wimplicit-function-declaration]
  init_vga_settings();
  ^~~~~~~~~~~~~~~~~
  print_ip_settings
../src/main.c:207:2: warning: implicit declaration of function 'init_game'; did you mean 'initstate'? [-Wimplicit-function-declaration]
  init_game(DDR_addr);
  ^~~~~~~~~
  initstate
../src/main.c:225:14: warning: multi-character character constant [-Wmultichar]
   xil_printf('hi');
              ^~~~
../src/main.c:225:14: warning: passing argument 1 of 'xil_printf' makes pointer from integer without a cast [-Wint-conversion]
In file included from c:\desl\xilinx\sdk\2018.3\gnu\microblaze\nt\microblaze-xilinx-elf\include\stdio.h:29:0,
                 from ../src/main.c:34:
c:\desl\xilinx\sdk\2018.3\gnu\microblaze\nt\microblaze-xilinx-elf\include\stdio.h:229:9: note: expected 'const char *' but argument is of type 'int'
 void    _EXFUN(xil_printf, (const char*, ...));
         ^
../src/main.c:259:7: warning: implicit declaration of function 'xemac_add'; did you mean 'netif_add'? [-Wimplicit-function-declaration]
  if (!xemac_add(app_netif, &ipaddr, &netmask,
       ^~~~~~~~~
       netif_add
../src/main.c:295:3: warning: implicit declaration of function 'xemacif_input'; did you mean 'netif_input'? [-Wimplicit-function-declaration]
   xemacif_input(app_netif);
   ^~~~~~~~~~~~~
   netif_input
../src/main.c:322:6: warning: unused variable 'count' [-Wunused-variable]
  int count = 0;
      ^~~~~
../src/main.c: In function 'tcp_client_recv':
../src/main.c:769:5: warning: implicit declaration of function 'writeRGBSupersize' [-Wimplicit-function-declaration]
     writeRGBSupersize(DDR_addr, (j*18) + 25, (k*18) + 15, green);
     ^~~~~~~~~~~~~~~~~
At top level:
../src/main.c:174:1: warning: 'read_stdin' defined but not used [-Wunused-function]
 read_stdin (void)
 ^~~~~~~~~~
make: *** [src/subdir.mk:53: src/main.o] Error 1
11:52:34 **** Auto Build of configuration Debug for project snake_game_client_2_player ****
make all 
'Building file: ../src/main.c'
'Invoking: MicroBlaze gcc compiler'
mb-gcc -Wall -O0 -g3 -c -fmessage-length=0 -MT"src/main.o" -I../../snake_game_client_2_player_bsp/microblaze_0/include -mlittle-endian -mxl-barrel-shift -mno-xl-soft-div -mcpu=v11.0 -mno-xl-soft-mul -mhard-float -Wl,--no-relax -ffunction-sections -fdata-sections -MMD -MP -MF"src/main.d" -MT"src/main.o" -o "src/main.o" "../src/main.c"
../src/main.c:136:1: error: unknown type name 'color'
 color black = { .R = 0x0, .G = 0x0, .B = 0x0 };
 ^~~~~
../src/main.c:136:17: error: field name not in record or union initializer
 color black = { .R = 0x0, .G = 0x0, .B = 0x0 };
                 ^
../src/main.c:136:17: note: (near initialization for 'black')
../src/main.c:136:27: error: field name not in record or union initializer
 color black = { .R = 0x0, .G = 0x0, .B = 0x0 };
                           ^
../src/main.c:136:27: note: (near initialization for 'black')
../src/main.c:136:32: warning: excess elements in scalar initializer
 color black = { .R = 0x0, .G = 0x0, .B = 0x0 };
                                ^~~
../src/main.c:136:32: note: (near initialization for 'black')
../src/main.c:136:37: error: field name not in record or union initializer
 color black = { .R = 0x0, .G = 0x0, .B = 0x0 };
                                     ^
../src/main.c:136:37: note: (near initialization for 'black')
../src/main.c:136:42: warning: excess elements in scalar initializer
 color black = { .R = 0x0, .G = 0x0, .B = 0x0 };
                                          ^~~
../src/main.c:136:42: note: (near initialization for 'black')
../src/main.c:137:1: error: unknown type name 'color'
 color lettercolor = { .R = 0x0, .G = 0xa, .B = 0xa };
 ^~~~~
../src/main.c:137:23: error: field name not in record or union initializer
 color lettercolor = { .R = 0x0, .G = 0xa, .B = 0xa };
                       ^
../src/main.c:137:23: note: (near initialization for 'lettercolor')
../src/main.c:137:33: error: field name not in record or union initializer
 color lettercolor = { .R = 0x0, .G = 0xa, .B = 0xa };
                                 ^
../src/main.c:137:33: note: (near initialization for 'lettercolor')
../src/main.c:137:38: warning: excess elements in scalar initializer
 color lettercolor = { .R = 0x0, .G = 0xa, .B = 0xa };
                                      ^~~
../src/main.c:137:38: note: (near initialization for 'lettercolor')
../src/main.c:137:43: error: field name not in record or union initializer
 color lettercolor = { .R = 0x0, .G = 0xa, .B = 0xa };
                                           ^
../src/main.c:137:43: note: (near initialization for 'lettercolor')
../src/main.c:137:48: warning: excess elements in scalar initializer
 color lettercolor = { .R = 0x0, .G = 0xa, .B = 0xa };
                                                ^~~
../src/main.c:137:48: note: (near initialization for 'lettercolor')
../src/main.c:138:1: error: unknown type name 'color'
 color circlecolor = { .R = 0xd, .G = 0x4, .B = 0x9 };
 ^~~~~
../src/main.c:138:23: error: field name not in record or union initializer
 color circlecolor = { .R = 0xd, .G = 0x4, .B = 0x9 };
                       ^
../src/main.c:138:23: note: (near initialization for 'circlecolor')
../src/main.c:138:33: error: field name not in record or union initializer
 color circlecolor = { .R = 0xd, .G = 0x4, .B = 0x9 };
                                 ^
../src/main.c:138:33: note: (near initialization for 'circlecolor')
../src/main.c:138:38: warning: excess elements in scalar initializer
 color circlecolor = { .R = 0xd, .G = 0x4, .B = 0x9 };
                                      ^~~
../src/main.c:138:38: note: (near initialization for 'circlecolor')
../src/main.c:138:43: error: field name not in record or union initializer
 color circlecolor = { .R = 0xd, .G = 0x4, .B = 0x9 };
                                           ^
../src/main.c:138:43: note: (near initialization for 'circlecolor')
../src/main.c:138:48: warning: excess elements in scalar initializer
 color circlecolor = { .R = 0xd, .G = 0x4, .B = 0x9 };
                                                ^~~
../src/main.c:138:48: note: (near initialization for 'circlecolor')
../src/main.c:139:1: error: unknown type name 'color'
 color green = {.R = 0x0, .G = 0xf, .B = 0x0 };
 ^~~~~
../src/main.c:139:16: error: field name not in record or union initializer
 color green = {.R = 0x0, .G = 0xf, .B = 0x0 };
                ^
../src/main.c:139:16: note: (near initialization for 'green')
../src/main.c:139:26: error: field name not in record or union initializer
 color green = {.R = 0x0, .G = 0xf, .B = 0x0 };
                          ^
../src/main.c:139:26: note: (near initialization for 'green')
../src/main.c:139:31: warning: excess elements in scalar initializer
 color green = {.R = 0x0, .G = 0xf, .B = 0x0 };
                               ^~~
../src/main.c:139:31: note: (near initialization for 'green')
../src/main.c:139:36: error: field name not in record or union initializer
 color green = {.R = 0x0, .G = 0xf, .B = 0x0 };
                                    ^
../src/main.c:139:36: note: (near initialization for 'green')
../src/main.c:139:41: warning: excess elements in scalar initializer
 color green = {.R = 0x0, .G = 0xf, .B = 0x0 };
                                         ^~~
../src/main.c:139:41: note: (near initialization for 'green')
../src/main.c:140:1: error: unknown type name 'color'
 color red = { .R = 0xFF, .G = 0x0, .B = 0x0 };
 ^~~~~
../src/main.c:140:15: error: field name not in record or union initializer
 color red = { .R = 0xFF, .G = 0x0, .B = 0x0 };
               ^
../src/main.c:140:15: note: (near initialization for 'red')
../src/main.c:140:26: error: field name not in record or union initializer
 color red = { .R = 0xFF, .G = 0x0, .B = 0x0 };
                          ^
../src/main.c:140:26: note: (near initialization for 'red')
../src/main.c:140:31: warning: excess elements in scalar initializer
 color red = { .R = 0xFF, .G = 0x0, .B = 0x0 };
                               ^~~
../src/main.c:140:31: note: (near initialization for 'red')
../src/main.c:140:36: error: field name not in record or union initializer
 color red = { .R = 0xFF, .G = 0x0, .B = 0x0 };
                                    ^
../src/main.c:140:36: note: (near initialization for 'red')
../src/main.c:140:41: warning: excess elements in scalar initializer
 color red = { .R = 0xFF, .G = 0x0, .B = 0x0 };
                                         ^~~
../src/main.c:140:41: note: (near initialization for 'red')
../src/main.c: In function 'main':
../src/main.c:206:2: warning: implicit declaration of function 'init_vga_settings'; did you mean 'print_ip_settings'? [-Wimplicit-function-declaration]
  init_vga_settings();
  ^~~~~~~~~~~~~~~~~
  print_ip_settings
../src/main.c:207:2: warning: implicit declaration of function 'init_game'; did you mean 'initstate'? [-Wimplicit-function-declaration]
  init_game(DDR_addr);
  ^~~~~~~~~
  initstate
../src/main.c:225:14: warning: multi-character character constant [-Wmultichar]
   xil_printf('hi');
              ^~~~
../src/main.c:225:14: warning: passing argument 1 of 'xil_printf' makes pointer from integer without a cast [-Wint-conversion]
In file included from c:\desl\xilinx\sdk\2018.3\gnu\microblaze\nt\microblaze-xilinx-elf\include\stdio.h:29:0,
                 from ../src/main.c:34:
c:\desl\xilinx\sdk\2018.3\gnu\microblaze\nt\microblaze-xilinx-elf\include\stdio.h:229:9: note: expected 'const char *' but argument is of type 'int'
 void    _EXFUN(xil_printf, (const char*, ...));
         ^
../src/main.c:259:7: warning: implicit declaration of function 'xemac_add'; did you mean 'netif_add'? [-Wimplicit-function-declaration]
  if (!xemac_add(app_netif, &ipaddr, &netmask,
       ^~~~~~~~~
       netif_add
../src/main.c:295:3: warning: implicit declaration of function 'xemacif_input'; did you mean 'netif_input'? [-Wimplicit-function-declaration]
   xemacif_input(app_netif);
   ^~~~~~~~~~~~~
   netif_input
../src/main.c:322:6: warning: unused variable 'count' [-Wunused-variable]
  int count = 0;
      ^~~~~
../src/main.c: In function 'tcp_client_recv':
../src/main.c:769:5: warning: implicit declaration of function 'writeRGBSupersize' [-Wimplicit-function-declaration]
     writeRGBSupersize(DDR_addr, (j*18) + 25, (k*18) + 15, green);
     ^~~~~~~~~~~~~~~~~
At top level:
../src/main.c:174:1: warning: 'read_stdin' defined but not used [-Wunused-function]
 read_stdin (void)
 ^~~~~~~~~~
make: *** [src/subdir.mk:53: src/main.o] Error 1
11:52:42 **** Auto Build of configuration Debug for project snake_game_client_2_player ****
make all 
'Building file: ../src/main.c'
'Invoking: MicroBlaze gcc compiler'
mb-gcc -Wall -O0 -g3 -c -fmessage-length=0 -MT"src/main.o" -I../../snake_game_client_2_player_bsp/microblaze_0/include -mlittle-endian -mxl-barrel-shift -mno-xl-soft-div -mcpu=v11.0 -mno-xl-soft-mul -mhard-float -Wl,--no-relax -ffunction-sections -fdata-sections -MMD -MP -MF"src/main.d" -MT"src/main.o" -o "src/main.o" "../src/main.c"
../src/main.c: In function 'main':
../src/main.c:225:14: warning: multi-character character constant [-Wmultichar]
   xil_printf('hi');
              ^~~~
../src/main.c:225:14: warning: passing argument 1 of 'xil_printf' makes pointer from integer without a cast [-Wint-conversion]
In file included from c:\desl\xilinx\sdk\2018.3\gnu\microblaze\nt\microblaze-xilinx-elf\include\stdio.h:29:0,
                 from ../src/main.c:34:
c:\desl\xilinx\sdk\2018.3\gnu\microblaze\nt\microblaze-xilinx-elf\include\stdio.h:229:9: note: expected 'const char *' but argument is of type 'int'
 void    _EXFUN(xil_printf, (const char*, ...));
         ^
../src/main.c:259:7: warning: implicit declaration of function 'xemac_add'; did you mean 'netif_add'? [-Wimplicit-function-declaration]
  if (!xemac_add(app_netif, &ipaddr, &netmask,
       ^~~~~~~~~
       netif_add
../src/main.c:295:3: warning: implicit declaration of function 'xemacif_input'; did you mean 'netif_input'? [-Wimplicit-function-declaration]
   xemacif_input(app_netif);
   ^~~~~~~~~~~~~
   netif_input
../src/main.c:322:6: warning: unused variable 'count' [-Wunused-variable]
  int count = 0;
      ^~~~~
At top level:
../src/main.c:174:1: warning: 'read_stdin' defined but not used [-Wunused-function]
 read_stdin (void)
 ^~~~~~~~~~
'Finished building: ../src/main.c'
' '
'Building file: ../src/vga.c'
'Invoking: MicroBlaze gcc compiler'
mb-gcc -Wall -O0 -g3 -c -fmessage-length=0 -MT"src/vga.o" -I../../snake_game_client_2_player_bsp/microblaze_0/include -mlittle-endian -mxl-barrel-shift -mno-xl-soft-div -mcpu=v11.0 -mno-xl-soft-mul -mhard-float -Wl,--no-relax -ffunction-sections -fdata-sections -MMD -MP -MF"src/vga.d" -MT"src/vga.o" -o "src/vga.o" "../src/vga.c"
../src/vga.c: In function 'init_vga_settings':
../src/vga.c:97:8: warning: unused variable 'circlecolor' [-Wunused-variable]
  color circlecolor = { .R = 0xd, .G = 0x4, .B = 0x9 };
        ^~~~~~~~~~~
../src/vga.c:96:8: warning: unused variable 'lettercolor' [-Wunused-variable]
  color lettercolor = { .R = 0x0, .G = 0xa, .B = 0xa };
        ^~~~~~~~~~~
../src/vga.c:95:8: warning: unused variable 'black' [-Wunused-variable]
  color black = { .R = 0x0, .G = 0x0, .B = 0x0 };
        ^~~~~
'Finished building: ../src/vga.c'
' '
'Building target: snake_game_client_2_player.elf'
'Invoking: MicroBlaze gcc linker'
mb-gcc -Wl,-T -Wl,../src/lscript.ld -L../../snake_game_client_2_player_bsp/microblaze_0/lib -mlittle-endian -mxl-barrel-shift -mno-xl-soft-div -mcpu=v11.0 -mno-xl-soft-mul -mhard-float -Wl,--no-relax -Wl,--gc-sections -o "snake_game_client_2_player.elf"  ./src/i2c_access.o ./src/iic_phyreset.o ./src/main.o ./src/platform.o ./src/platform_mb.o ./src/platform_ppc.o ./src/platform_zynq.o ./src/platform_zynqmp.o ./src/sfp.o ./src/si5324.o ./src/vga.o   -Wl,--start-group,-lxil,-lgcc,-lc,--end-group -Wl,--start-group,-lxil,-llwip4,-lgcc,-lc,--end-group
'Finished building target: snake_game_client_2_player.elf'
' '
'Invoking: MicroBlaze Print Size'
mb-size snake_game_client_2_player.elf  |tee "snake_game_client_2_player.elf.size"
   text	   data	    bss	    dec	    hex	filename
 101132	   1472	3963404	4066008	 3e0ad8	snake_game_client_2_player.elf
'Finished building: snake_game_client_2_player.elf.size'
' '
11:53:03 **** Incremental Build of configuration Debug for project snake_game_client_2_player ****
make all 
make: Nothing to be done for 'all'.
11:57:14 **** Auto Build of configuration Debug for project snake_game_client_2_player ****
make all 
'Building file: ../src/main.c'
'Invoking: MicroBlaze gcc compiler'
mb-gcc -Wall -O0 -g3 -c -fmessage-length=0 -MT"src/main.o" -I../../snake_game_client_2_player_bsp/microblaze_0/include -mlittle-endian -mxl-barrel-shift -mno-xl-soft-div -mcpu=v11.0 -mno-xl-soft-mul -mhard-float -Wl,--no-relax -ffunction-sections -fdata-sections -MMD -MP -MF"src/main.d" -MT"src/main.o" -o "src/main.o" "../src/main.c"
../src/main.c: In function 'main':
../src/main.c:225:14: warning: multi-character character constant [-Wmultichar]
   xil_printf('hi');
              ^~~~
../src/main.c:225:14: warning: passing argument 1 of 'xil_printf' makes pointer from integer without a cast [-Wint-conversion]
In file included from c:\desl\xilinx\sdk\2018.3\gnu\microblaze\nt\microblaze-xilinx-elf\include\stdio.h:29:0,
                 from ../src/main.c:34:
c:\desl\xilinx\sdk\2018.3\gnu\microblaze\nt\microblaze-xilinx-elf\include\stdio.h:229:9: note: expected 'const char *' but argument is of type 'int'
 void    _EXFUN(xil_printf, (const char*, ...));
         ^
../src/main.c:259:7: warning: implicit declaration of function 'xemac_add'; did you mean 'netif_add'? [-Wimplicit-function-declaration]
  if (!xemac_add(app_netif, &ipaddr, &netmask,
       ^~~~~~~~~
       netif_add
../src/main.c:295:3: warning: implicit declaration of function 'xemacif_input'; did you mean 'netif_input'? [-Wimplicit-function-declaration]
   xemacif_input(app_netif);
   ^~~~~~~~~~~~~
   netif_input
../src/main.c:322:6: warning: unused variable 'count' [-Wunused-variable]
  int count = 0;
      ^~~~~
At top level:
../src/main.c:174:1: warning: 'read_stdin' defined but not used [-Wunused-function]
 read_stdin (void)
 ^~~~~~~~~~
'Finished building: ../src/main.c'
' '
'Building target: snake_game_client_2_player.elf'
'Invoking: MicroBlaze gcc linker'
mb-gcc -Wl,-T -Wl,../src/lscript.ld -L../../snake_game_client_2_player_bsp/microblaze_0/lib -mlittle-endian -mxl-barrel-shift -mno-xl-soft-div -mcpu=v11.0 -mno-xl-soft-mul -mhard-float -Wl,--no-relax -Wl,--gc-sections -o "snake_game_client_2_player.elf"  ./src/i2c_access.o ./src/iic_phyreset.o ./src/main.o ./src/platform.o ./src/platform_mb.o ./src/platform_ppc.o ./src/platform_zynq.o ./src/platform_zynqmp.o ./src/sfp.o ./src/si5324.o ./src/vga.o   -Wl,--start-group,-lxil,-lgcc,-lc,--end-group -Wl,--start-group,-lxil,-llwip4,-lgcc,-lc,--end-group
'Finished building target: snake_game_client_2_player.elf'
' '
'Invoking: MicroBlaze Print Size'
mb-size snake_game_client_2_player.elf  |tee "snake_game_client_2_player.elf.size"
   text	   data	    bss	    dec	    hex	filename
 101076	   1472	3963404	4065952	 3e0aa0	snake_game_client_2_player.elf
'Finished building: snake_game_client_2_player.elf.size'
' '
11:57:32 **** Auto Build of configuration Debug for project snake_game_client_2_player ****
make all 
'Building file: ../src/main.c'
'Invoking: MicroBlaze gcc compiler'
mb-gcc -Wall -O0 -g3 -c -fmessage-length=0 -MT"src/main.o" -I../../snake_game_client_2_player_bsp/microblaze_0/include -mlittle-endian -mxl-barrel-shift -mno-xl-soft-div -mcpu=v11.0 -mno-xl-soft-mul -mhard-float -Wl,--no-relax -ffunction-sections -fdata-sections -MMD -MP -MF"src/main.d" -MT"src/main.o" -o "src/main.o" "../src/main.c"
../src/main.c: In function 'main':
../src/main.c:225:14: warning: multi-character character constant [-Wmultichar]
   xil_printf('hi');
              ^~~~
../src/main.c:225:14: warning: passing argument 1 of 'xil_printf' makes pointer from integer without a cast [-Wint-conversion]
In file included from c:\desl\xilinx\sdk\2018.3\gnu\microblaze\nt\microblaze-xilinx-elf\include\stdio.h:29:0,
                 from ../src/main.c:34:
c:\desl\xilinx\sdk\2018.3\gnu\microblaze\nt\microblaze-xilinx-elf\include\stdio.h:229:9: note: expected 'const char *' but argument is of type 'int'
 void    _EXFUN(xil_printf, (const char*, ...));
         ^
../src/main.c:259:7: warning: implicit declaration of function 'xemac_add'; did you mean 'netif_add'? [-Wimplicit-function-declaration]
  if (!xemac_add(app_netif, &ipaddr, &netmask,
       ^~~~~~~~~
       netif_add
../src/main.c:295:3: warning: implicit declaration of function 'xemacif_input'; did you mean 'netif_input'? [-Wimplicit-function-declaration]
   xemacif_input(app_netif);
   ^~~~~~~~~~~~~
   netif_input
../src/main.c:322:6: warning: unused variable 'count' [-Wunused-variable]
  int count = 0;
      ^~~~~
At top level:
../src/main.c:174:1: warning: 'read_stdin' defined but not used [-Wunused-function]
 read_stdin (void)
 ^~~~~~~~~~
'Finished building: ../src/main.c'
' '
'Building target: snake_game_client_2_player.elf'
'Invoking: MicroBlaze gcc linker'
mb-gcc -Wl,-T -Wl,../src/lscript.ld -L../../snake_game_client_2_player_bsp/microblaze_0/lib -mlittle-endian -mxl-barrel-shift -mno-xl-soft-div -mcpu=v11.0 -mno-xl-soft-mul -mhard-float -Wl,--no-relax -Wl,--gc-sections -o "snake_game_client_2_player.elf"  ./src/i2c_access.o ./src/iic_phyreset.o ./src/main.o ./src/platform.o ./src/platform_mb.o ./src/platform_ppc.o ./src/platform_zynq.o ./src/platform_zynqmp.o ./src/sfp.o ./src/si5324.o ./src/vga.o   -Wl,--start-group,-lxil,-lgcc,-lc,--end-group -Wl,--start-group,-lxil,-llwip4,-lgcc,-lc,--end-group
'Finished building target: snake_game_client_2_player.elf'
' '
'Invoking: MicroBlaze Print Size'
mb-size snake_game_client_2_player.elf  |tee "snake_game_client_2_player.elf.size"
   text	   data	    bss	    dec	    hex	filename
 101076	   1472	3963404	4065952	 3e0aa0	snake_game_client_2_player.elf
'Finished building: snake_game_client_2_player.elf.size'
' '
11:59:05 **** Incremental Build of configuration Debug for project snake_game_client_2_player ****
make all 
make: Nothing to be done for 'all'.
12:12:50 **** Auto Build of configuration Debug for project snake_game_client_2_player ****
make all 
'Building file: ../src/main.c'
'Invoking: MicroBlaze gcc compiler'
mb-gcc -Wall -O0 -g3 -c -fmessage-length=0 -MT"src/main.o" -I../../snake_game_client_2_player_bsp/microblaze_0/include -mlittle-endian -mxl-barrel-shift -mno-xl-soft-div -mcpu=v11.0 -mno-xl-soft-mul -mhard-float -Wl,--no-relax -ffunction-sections -fdata-sections -MMD -MP -MF"src/main.d" -MT"src/main.o" -o "src/main.o" "../src/main.c"
../src/main.c: In function 'main':
../src/main.c:225:14: warning: multi-character character constant [-Wmultichar]
   xil_printf('hi');
              ^~~~
../src/main.c:225:14: warning: passing argument 1 of 'xil_printf' makes pointer from integer without a cast [-Wint-conversion]
In file included from c:\desl\xilinx\sdk\2018.3\gnu\microblaze\nt\microblaze-xilinx-elf\include\stdio.h:29:0,
                 from ../src/main.c:34:
c:\desl\xilinx\sdk\2018.3\gnu\microblaze\nt\microblaze-xilinx-elf\include\stdio.h:229:9: note: expected 'const char *' but argument is of type 'int'
 void    _EXFUN(xil_printf, (const char*, ...));
         ^
../src/main.c:259:7: warning: implicit declaration of function 'xemac_add'; did you mean 'netif_add'? [-Wimplicit-function-declaration]
  if (!xemac_add(app_netif, &ipaddr, &netmask,
       ^~~~~~~~~
       netif_add
../src/main.c:295:3: warning: implicit declaration of function 'xemacif_input'; did you mean 'netif_input'? [-Wimplicit-function-declaration]
   xemacif_input(app_netif);
   ^~~~~~~~~~~~~
   netif_input
../src/main.c:322:6: warning: unused variable 'count' [-Wunused-variable]
  int count = 0;
      ^~~~~
At top level:
../src/main.c:174:1: warning: 'read_stdin' defined but not used [-Wunused-function]
 read_stdin (void)
 ^~~~~~~~~~
'Finished building: ../src/main.c'
' '
'Building target: snake_game_client_2_player.elf'
'Invoking: MicroBlaze gcc linker'
mb-gcc -Wl,-T -Wl,../src/lscript.ld -L../../snake_game_client_2_player_bsp/microblaze_0/lib -mlittle-endian -mxl-barrel-shift -mno-xl-soft-div -mcpu=v11.0 -mno-xl-soft-mul -mhard-float -Wl,--no-relax -Wl,--gc-sections -o "snake_game_client_2_player.elf"  ./src/i2c_access.o ./src/iic_phyreset.o ./src/main.o ./src/platform.o ./src/platform_mb.o ./src/platform_ppc.o ./src/platform_zynq.o ./src/platform_zynqmp.o ./src/sfp.o ./src/si5324.o ./src/vga.o   -Wl,--start-group,-lxil,-lgcc,-lc,--end-group -Wl,--start-group,-lxil,-llwip4,-lgcc,-lc,--end-group
'Finished building target: snake_game_client_2_player.elf'
' '
'Invoking: MicroBlaze Print Size'
mb-size snake_game_client_2_player.elf  |tee "snake_game_client_2_player.elf.size"
   text	   data	    bss	    dec	    hex	filename
 101084	   1472	3963404	4065960	 3e0aa8	snake_game_client_2_player.elf
'Finished building: snake_game_client_2_player.elf.size'
' '
12:14:18 **** Incremental Build of configuration Debug for project snake_game_client_2_player ****
make all 
make: Nothing to be done for 'all'.
12:18:01 **** Auto Build of configuration Debug for project snake_game_client_2_player ****
make all 
'Building file: ../src/main.c'
'Invoking: MicroBlaze gcc compiler'
mb-gcc -Wall -O0 -g3 -c -fmessage-length=0 -MT"src/main.o" -I../../snake_game_client_2_player_bsp/microblaze_0/include -mlittle-endian -mxl-barrel-shift -mno-xl-soft-div -mcpu=v11.0 -mno-xl-soft-mul -mhard-float -Wl,--no-relax -ffunction-sections -fdata-sections -MMD -MP -MF"src/main.d" -MT"src/main.o" -o "src/main.o" "../src/main.c"
../src/main.c: In function 'main':
../src/main.c:225:14: warning: multi-character character constant [-Wmultichar]
   xil_printf('hi');
              ^~~~
../src/main.c:225:14: warning: passing argument 1 of 'xil_printf' makes pointer from integer without a cast [-Wint-conversion]
In file included from c:\desl\xilinx\sdk\2018.3\gnu\microblaze\nt\microblaze-xilinx-elf\include\stdio.h:29:0,
                 from ../src/main.c:34:
c:\desl\xilinx\sdk\2018.3\gnu\microblaze\nt\microblaze-xilinx-elf\include\stdio.h:229:9: note: expected 'const char *' but argument is of type 'int'
 void    _EXFUN(xil_printf, (const char*, ...));
         ^
../src/main.c:259:7: warning: implicit declaration of function 'xemac_add'; did you mean 'netif_add'? [-Wimplicit-function-declaration]
  if (!xemac_add(app_netif, &ipaddr, &netmask,
       ^~~~~~~~~
       netif_add
../src/main.c:295:3: warning: implicit declaration of function 'xemacif_input'; did you mean 'netif_input'? [-Wimplicit-function-declaration]
   xemacif_input(app_netif);
   ^~~~~~~~~~~~~
   netif_input
../src/main.c:322:6: warning: unused variable 'count' [-Wunused-variable]
  int count = 0;
      ^~~~~
At top level:
../src/main.c:174:1: warning: 'read_stdin' defined but not used [-Wunused-function]
 read_stdin (void)
 ^~~~~~~~~~
'Finished building: ../src/main.c'
' '
'Building target: snake_game_client_2_player.elf'
'Invoking: MicroBlaze gcc linker'
mb-gcc -Wl,-T -Wl,../src/lscript.ld -L../../snake_game_client_2_player_bsp/microblaze_0/lib -mlittle-endian -mxl-barrel-shift -mno-xl-soft-div -mcpu=v11.0 -mno-xl-soft-mul -mhard-float -Wl,--no-relax -Wl,--gc-sections -o "snake_game_client_2_player.elf"  ./src/i2c_access.o ./src/iic_phyreset.o ./src/main.o ./src/platform.o ./src/platform_mb.o ./src/platform_ppc.o ./src/platform_zynq.o ./src/platform_zynqmp.o ./src/sfp.o ./src/si5324.o ./src/vga.o   -Wl,--start-group,-lxil,-lgcc,-lc,--end-group -Wl,--start-group,-lxil,-llwip4,-lgcc,-lc,--end-group
'Finished building target: snake_game_client_2_player.elf'
' '
'Invoking: MicroBlaze Print Size'
mb-size snake_game_client_2_player.elf  |tee "snake_game_client_2_player.elf.size"
   text	   data	    bss	    dec	    hex	filename
 101040	   1472	3963400	4065912	 3e0a78	snake_game_client_2_player.elf
'Finished building: snake_game_client_2_player.elf.size'
' '
12:18:53 **** Incremental Build of configuration Debug for project snake_game_client_2_player ****
make all 
make: Nothing to be done for 'all'.
12:21:14 **** Auto Build of configuration Debug for project snake_game_client_2_player ****
make all 
'Building file: ../src/main.c'
'Invoking: MicroBlaze gcc compiler'
mb-gcc -Wall -O0 -g3 -c -fmessage-length=0 -MT"src/main.o" -I../../snake_game_client_2_player_bsp/microblaze_0/include -mlittle-endian -mxl-barrel-shift -mno-xl-soft-div -mcpu=v11.0 -mno-xl-soft-mul -mhard-float -Wl,--no-relax -ffunction-sections -fdata-sections -MMD -MP -MF"src/main.d" -MT"src/main.o" -o "src/main.o" "../src/main.c"
../src/main.c: In function 'main':
../src/main.c:225:14: warning: multi-character character constant [-Wmultichar]
   xil_printf('hi');
              ^~~~
../src/main.c:225:14: warning: passing argument 1 of 'xil_printf' makes pointer from integer without a cast [-Wint-conversion]
In file included from c:\desl\xilinx\sdk\2018.3\gnu\microblaze\nt\microblaze-xilinx-elf\include\stdio.h:29:0,
                 from ../src/main.c:34:
c:\desl\xilinx\sdk\2018.3\gnu\microblaze\nt\microblaze-xilinx-elf\include\stdio.h:229:9: note: expected 'const char *' but argument is of type 'int'
 void    _EXFUN(xil_printf, (const char*, ...));
         ^
../src/main.c:259:7: warning: implicit declaration of function 'xemac_add'; did you mean 'netif_add'? [-Wimplicit-function-declaration]
  if (!xemac_add(app_netif, &ipaddr, &netmask,
       ^~~~~~~~~
       netif_add
../src/main.c:295:3: warning: implicit declaration of function 'xemacif_input'; did you mean 'netif_input'? [-Wimplicit-function-declaration]
   xemacif_input(app_netif);
   ^~~~~~~~~~~~~
   netif_input
../src/main.c:322:6: warning: unused variable 'count' [-Wunused-variable]
  int count = 0;
      ^~~~~
At top level:
../src/main.c:174:1: warning: 'read_stdin' defined but not used [-Wunused-function]
 read_stdin (void)
 ^~~~~~~~~~
'Finished building: ../src/main.c'
' '
'Building target: snake_game_client_2_player.elf'
'Invoking: MicroBlaze gcc linker'
mb-gcc -Wl,-T -Wl,../src/lscript.ld -L../../snake_game_client_2_player_bsp/microblaze_0/lib -mlittle-endian -mxl-barrel-shift -mno-xl-soft-div -mcpu=v11.0 -mno-xl-soft-mul -mhard-float -Wl,--no-relax -Wl,--gc-sections -o "snake_game_client_2_player.elf"  ./src/i2c_access.o ./src/iic_phyreset.o ./src/main.o ./src/platform.o ./src/platform_mb.o ./src/platform_ppc.o ./src/platform_zynq.o ./src/platform_zynqmp.o ./src/sfp.o ./src/si5324.o ./src/vga.o   -Wl,--start-group,-lxil,-lgcc,-lc,--end-group -Wl,--start-group,-lxil,-llwip4,-lgcc,-lc,--end-group
'Finished building target: snake_game_client_2_player.elf'
' '
'Invoking: MicroBlaze Print Size'
mb-size snake_game_client_2_player.elf  |tee "snake_game_client_2_player.elf.size"
   text	   data	    bss	    dec	    hex	filename
 101024	   1472	3963400	4065896	 3e0a68	snake_game_client_2_player.elf
'Finished building: snake_game_client_2_player.elf.size'
' '
12:22:24 **** Incremental Build of configuration Debug for project snake_game_client_2_player ****
make all 
make: Nothing to be done for 'all'.
12:31:58 **** Auto Build of configuration Debug for project snake_game_client_2_player ****
make all 
'Building file: ../src/main.c'
'Invoking: MicroBlaze gcc compiler'
mb-gcc -Wall -O0 -g3 -c -fmessage-length=0 -MT"src/main.o" -I../../snake_game_client_2_player_bsp/microblaze_0/include -mlittle-endian -mxl-barrel-shift -mno-xl-soft-div -mcpu=v11.0 -mno-xl-soft-mul -mhard-float -Wl,--no-relax -ffunction-sections -fdata-sections -MMD -MP -MF"src/main.d" -MT"src/main.o" -o "src/main.o" "../src/main.c"
../src/main.c: In function 'main':
../src/main.c:225:14: warning: multi-character character constant [-Wmultichar]
   xil_printf('hi');
              ^~~~
../src/main.c:225:14: warning: passing argument 1 of 'xil_printf' makes pointer from integer without a cast [-Wint-conversion]
In file included from c:\desl\xilinx\sdk\2018.3\gnu\microblaze\nt\microblaze-xilinx-elf\include\stdio.h:29:0,
                 from ../src/main.c:34:
c:\desl\xilinx\sdk\2018.3\gnu\microblaze\nt\microblaze-xilinx-elf\include\stdio.h:229:9: note: expected 'const char *' but argument is of type 'int'
 void    _EXFUN(xil_printf, (const char*, ...));
         ^
../src/main.c:259:7: warning: implicit declaration of function 'xemac_add'; did you mean 'netif_add'? [-Wimplicit-function-declaration]
  if (!xemac_add(app_netif, &ipaddr, &netmask,
       ^~~~~~~~~
       netif_add
../src/main.c:295:3: warning: implicit declaration of function 'xemacif_input'; did you mean 'netif_input'? [-Wimplicit-function-declaration]
   xemacif_input(app_netif);
   ^~~~~~~~~~~~~
   netif_input
../src/main.c:322:6: warning: unused variable 'count' [-Wunused-variable]
  int count = 0;
      ^~~~~
At top level:
../src/main.c:174:1: warning: 'read_stdin' defined but not used [-Wunused-function]
 read_stdin (void)
 ^~~~~~~~~~
'Finished building: ../src/main.c'
' '
'Building target: snake_game_client_2_player.elf'
'Invoking: MicroBlaze gcc linker'
mb-gcc -Wl,-T -Wl,../src/lscript.ld -L../../snake_game_client_2_player_bsp/microblaze_0/lib -mlittle-endian -mxl-barrel-shift -mno-xl-soft-div -mcpu=v11.0 -mno-xl-soft-mul -mhard-float -Wl,--no-relax -Wl,--gc-sections -o "snake_game_client_2_player.elf"  ./src/i2c_access.o ./src/iic_phyreset.o ./src/main.o ./src/platform.o ./src/platform_mb.o ./src/platform_ppc.o ./src/platform_zynq.o ./src/platform_zynqmp.o ./src/sfp.o ./src/si5324.o ./src/vga.o   -Wl,--start-group,-lxil,-lgcc,-lc,--end-group -Wl,--start-group,-lxil,-llwip4,-lgcc,-lc,--end-group
'Finished building target: snake_game_client_2_player.elf'
' '
'Invoking: MicroBlaze Print Size'
mb-size snake_game_client_2_player.elf  |tee "snake_game_client_2_player.elf.size"
   text	   data	    bss	    dec	    hex	filename
 100972	   1472	3963404	4065848	 3e0a38	snake_game_client_2_player.elf
'Finished building: snake_game_client_2_player.elf.size'
' '
12:32:20 **** Auto Build of configuration Debug for project snake_game_client_2_player ****
make all 
'Building file: ../src/main.c'
'Invoking: MicroBlaze gcc compiler'
mb-gcc -Wall -O0 -g3 -c -fmessage-length=0 -MT"src/main.o" -I../../snake_game_client_2_player_bsp/microblaze_0/include -mlittle-endian -mxl-barrel-shift -mno-xl-soft-div -mcpu=v11.0 -mno-xl-soft-mul -mhard-float -Wl,--no-relax -ffunction-sections -fdata-sections -MMD -MP -MF"src/main.d" -MT"src/main.o" -o "src/main.o" "../src/main.c"
../src/main.c: In function 'main':
../src/main.c:225:14: warning: multi-character character constant [-Wmultichar]
   xil_printf('hi');
              ^~~~
../src/main.c:225:14: warning: passing argument 1 of 'xil_printf' makes pointer from integer without a cast [-Wint-conversion]
In file included from c:\desl\xilinx\sdk\2018.3\gnu\microblaze\nt\microblaze-xilinx-elf\include\stdio.h:29:0,
                 from ../src/main.c:34:
c:\desl\xilinx\sdk\2018.3\gnu\microblaze\nt\microblaze-xilinx-elf\include\stdio.h:229:9: note: expected 'const char *' but argument is of type 'int'
 void    _EXFUN(xil_printf, (const char*, ...));
         ^
../src/main.c:259:7: warning: implicit declaration of function 'xemac_add'; did you mean 'netif_add'? [-Wimplicit-function-declaration]
  if (!xemac_add(app_netif, &ipaddr, &netmask,
       ^~~~~~~~~
       netif_add
../src/main.c:295:3: warning: implicit declaration of function 'xemacif_input'; did you mean 'netif_input'? [-Wimplicit-function-declaration]
   xemacif_input(app_netif);
   ^~~~~~~~~~~~~
   netif_input
../src/main.c:322:6: warning: unused variable 'count' [-Wunused-variable]
  int count = 0;
      ^~~~~
At top level:
../src/main.c:174:1: warning: 'read_stdin' defined but not used [-Wunused-function]
 read_stdin (void)
 ^~~~~~~~~~
'Finished building: ../src/main.c'
' '
'Building target: snake_game_client_2_player.elf'
'Invoking: MicroBlaze gcc linker'
mb-gcc -Wl,-T -Wl,../src/lscript.ld -L../../snake_game_client_2_player_bsp/microblaze_0/lib -mlittle-endian -mxl-barrel-shift -mno-xl-soft-div -mcpu=v11.0 -mno-xl-soft-mul -mhard-float -Wl,--no-relax -Wl,--gc-sections -o "snake_game_client_2_player.elf"  ./src/i2c_access.o ./src/iic_phyreset.o ./src/main.o ./src/platform.o ./src/platform_mb.o ./src/platform_ppc.o ./src/platform_zynq.o ./src/platform_zynqmp.o ./src/sfp.o ./src/si5324.o ./src/vga.o   -Wl,--start-group,-lxil,-lgcc,-lc,--end-group -Wl,--start-group,-lxil,-llwip4,-lgcc,-lc,--end-group
'Finished building target: snake_game_client_2_player.elf'
' '
'Invoking: MicroBlaze Print Size'
mb-size snake_game_client_2_player.elf  |tee "snake_game_client_2_player.elf.size"
   text	   data	    bss	    dec	    hex	filename
 101016	   1472	3963400	4065888	 3e0a60	snake_game_client_2_player.elf
'Finished building: snake_game_client_2_player.elf.size'
' '
12:33:59 **** Incremental Build of configuration Debug for project snake_game_client_2_player ****
make all 
make: Nothing to be done for 'all'.
12:39:00 **** Auto Build of configuration Debug for project snake_game_client_2_player ****
make all 
'Building file: ../src/main.c'
'Invoking: MicroBlaze gcc compiler'
mb-gcc -Wall -O0 -g3 -c -fmessage-length=0 -MT"src/main.o" -I../../snake_game_client_2_player_bsp/microblaze_0/include -mlittle-endian -mxl-barrel-shift -mno-xl-soft-div -mcpu=v11.0 -mno-xl-soft-mul -mhard-float -Wl,--no-relax -ffunction-sections -fdata-sections -MMD -MP -MF"src/main.d" -MT"src/main.o" -o "src/main.o" "../src/main.c"
../src/main.c: In function 'main':
../src/main.c:225:14: warning: multi-character character constant [-Wmultichar]
   xil_printf('hi');
              ^~~~
../src/main.c:225:14: warning: passing argument 1 of 'xil_printf' makes pointer from integer without a cast [-Wint-conversion]
In file included from c:\desl\xilinx\sdk\2018.3\gnu\microblaze\nt\microblaze-xilinx-elf\include\stdio.h:29:0,
                 from ../src/main.c:34:
c:\desl\xilinx\sdk\2018.3\gnu\microblaze\nt\microblaze-xilinx-elf\include\stdio.h:229:9: note: expected 'const char *' but argument is of type 'int'
 void    _EXFUN(xil_printf, (const char*, ...));
         ^
../src/main.c:259:7: warning: implicit declaration of function 'xemac_add'; did you mean 'netif_add'? [-Wimplicit-function-declaration]
  if (!xemac_add(app_netif, &ipaddr, &netmask,
       ^~~~~~~~~
       netif_add
../src/main.c:295:3: warning: implicit declaration of function 'xemacif_input'; did you mean 'netif_input'? [-Wimplicit-function-declaration]
   xemacif_input(app_netif);
   ^~~~~~~~~~~~~
   netif_input
../src/main.c:322:6: warning: unused variable 'count' [-Wunused-variable]
  int count = 0;
      ^~~~~
At top level:
../src/main.c:174:1: warning: 'read_stdin' defined but not used [-Wunused-function]
 read_stdin (void)
 ^~~~~~~~~~
'Finished building: ../src/main.c'
' '
'Building target: snake_game_client_2_player.elf'
'Invoking: MicroBlaze gcc linker'
mb-gcc -Wl,-T -Wl,../src/lscript.ld -L../../snake_game_client_2_player_bsp/microblaze_0/lib -mlittle-endian -mxl-barrel-shift -mno-xl-soft-div -mcpu=v11.0 -mno-xl-soft-mul -mhard-float -Wl,--no-relax -Wl,--gc-sections -o "snake_game_client_2_player.elf"  ./src/i2c_access.o ./src/iic_phyreset.o ./src/main.o ./src/platform.o ./src/platform_mb.o ./src/platform_ppc.o ./src/platform_zynq.o ./src/platform_zynqmp.o ./src/sfp.o ./src/si5324.o ./src/vga.o   -Wl,--start-group,-lxil,-lgcc,-lc,--end-group -Wl,--start-group,-lxil,-llwip4,-lgcc,-lc,--end-group
'Finished building target: snake_game_client_2_player.elf'
' '
'Invoking: MicroBlaze Print Size'
mb-size snake_game_client_2_player.elf  |tee "snake_game_client_2_player.elf.size"
   text	   data	    bss	    dec	    hex	filename
 100564	   1472	3963404	4065440	 3e08a0	snake_game_client_2_player.elf
'Finished building: snake_game_client_2_player.elf.size'
' '
12:42:07 **** Incremental Build of configuration Debug for project snake_game_client_2_player ****
make all 
make: Nothing to be done for 'all'.
12:52:42 **** Auto Build of configuration Debug for project snake_game_client_2_player ****
make all 
'Building file: ../src/main.c'
'Invoking: MicroBlaze gcc compiler'
mb-gcc -Wall -O0 -g3 -c -fmessage-length=0 -MT"src/main.o" -I../../snake_game_client_2_player_bsp/microblaze_0/include -mlittle-endian -mxl-barrel-shift -mno-xl-soft-div -mcpu=v11.0 -mno-xl-soft-mul -mhard-float -Wl,--no-relax -ffunction-sections -fdata-sections -MMD -MP -MF"src/main.d" -MT"src/main.o" -o "src/main.o" "../src/main.c"
../src/main.c: In function 'main':
../src/main.c:225:14: warning: multi-character character constant [-Wmultichar]
   xil_printf('hi');
              ^~~~
../src/main.c:225:14: warning: passing argument 1 of 'xil_printf' makes pointer from integer without a cast [-Wint-conversion]
In file included from c:\desl\xilinx\sdk\2018.3\gnu\microblaze\nt\microblaze-xilinx-elf\include\stdio.h:29:0,
                 from ../src/main.c:34:
c:\desl\xilinx\sdk\2018.3\gnu\microblaze\nt\microblaze-xilinx-elf\include\stdio.h:229:9: note: expected 'const char *' but argument is of type 'int'
 void    _EXFUN(xil_printf, (const char*, ...));
         ^
[...]
 void    _EXFUN(xil_printf, (const char*, ...));
         ^
../src/main.c:260:7: warning: implicit declaration of function 'xemac_add'; did you mean 'netif_add'? [-Wimplicit-function-declaration]
  if (!xemac_add(app_netif, &ipaddr, &netmask,
       ^~~~~~~~~
       netif_add
../src/main.c:296:3: warning: implicit declaration of function 'xemacif_input'; did you mean 'netif_input'? [-Wimplicit-function-declaration]
   xemacif_input(app_netif);
   ^~~~~~~~~~~~~
   netif_input
../src/main.c:323:6: warning: unused variable 'count' [-Wunused-variable]
  int count = 0;
      ^~~~~
At top level:
../src/main.c:175:1: warning: 'read_stdin' defined but not used [-Wunused-function]
 read_stdin (void)
 ^~~~~~~~~~
'Finished building: ../src/main.c'
' '
'Building file: ../src/platform.c'
'Invoking: MicroBlaze gcc compiler'
mb-gcc -Wall -O0 -g3 -c -fmessage-length=0 -MT"src/platform.o" -I../../snake_game_client_2_player_bsp/microblaze_0/include -mlittle-endian -mxl-barrel-shift -mno-xl-soft-div -mcpu=v11.0 -mno-xl-soft-mul -mhard-float -Wl,--no-relax -ffunction-sections -fdata-sections -MMD -MP -MF"src/platform.d" -MT"src/platform.o" -o "src/platform.o" "../src/platform.c"
'Finished building: ../src/platform.c'
' '
'Building file: ../src/platform_mb.c'
'Invoking: MicroBlaze gcc compiler'
mb-gcc -Wall -O0 -g3 -c -fmessage-length=0 -MT"src/platform_mb.o" -I../../snake_game_client_2_player_bsp/microblaze_0/include -mlittle-endian -mxl-barrel-shift -mno-xl-soft-div -mcpu=v11.0 -mno-xl-soft-mul -mhard-float -Wl,--no-relax -ffunction-sections -fdata-sections -MMD -MP -MF"src/platform_mb.d" -MT"src/platform_mb.o" -o "src/platform_mb.o" "../src/platform_mb.c"
'Finished building: ../src/platform_mb.c'
' '
'Building file: ../src/sfp.c'
'Invoking: MicroBlaze gcc compiler'
mb-gcc -Wall -O0 -g3 -c -fmessage-length=0 -MT"src/sfp.o" -I../../snake_game_client_2_player_bsp/microblaze_0/include -mlittle-endian -mxl-barrel-shift -mno-xl-soft-div -mcpu=v11.0 -mno-xl-soft-mul -mhard-float -Wl,--no-relax -ffunction-sections -fdata-sections -MMD -MP -MF"src/sfp.d" -MT"src/sfp.o" -o "src/sfp.o" "../src/sfp.c"
'Finished building: ../src/sfp.c'
' '
'Building file: ../src/si5324.c'
'Invoking: MicroBlaze gcc compiler'
mb-gcc -Wall -O0 -g3 -c -fmessage-length=0 -MT"src/si5324.o" -I../../snake_game_client_2_player_bsp/microblaze_0/include -mlittle-endian -mxl-barrel-shift -mno-xl-soft-div -mcpu=v11.0 -mno-xl-soft-mul -mhard-float -Wl,--no-relax -ffunction-sections -fdata-sections -MMD -MP -MF"src/si5324.d" -MT"src/si5324.o" -o "src/si5324.o" "../src/si5324.c"
'Finished building: ../src/si5324.c'
' '
'Building target: snake_game_client_2_player.elf'
'Invoking: MicroBlaze gcc linker'
mb-gcc -Wl,-T -Wl,../src/lscript.ld -L../../snake_game_client_2_player_bsp/microblaze_0/lib -mlittle-endian -mxl-barrel-shift -mno-xl-soft-div -mcpu=v11.0 -mno-xl-soft-mul -mhard-float -Wl,--no-relax -Wl,--gc-sections -o "snake_game_client_2_player.elf"  ./src/i2c_access.o ./src/iic_phyreset.o ./src/main.o ./src/platform.o ./src/platform_mb.o ./src/platform_ppc.o ./src/platform_zynq.o ./src/platform_zynqmp.o ./src/sfp.o ./src/si5324.o ./src/vga.o   -Wl,--start-group,-lxil,-lgcc,-lc,--end-group -Wl,--start-group,-lxil,-llwip4,-lgcc,-lc,--end-group
'Finished building target: snake_game_client_2_player.elf'
' '
'Invoking: MicroBlaze Print Size'
mb-size snake_game_client_2_player.elf  |tee "snake_game_client_2_player.elf.size"
   text	   data	    bss	    dec	    hex	filename
 100544	   1476	3963468	4065488	 3e08d0	snake_game_client_2_player.elf
'Finished building: snake_game_client_2_player.elf.size'
' '
11:59:22 **** Auto Build of configuration Debug for project snake_game_client_2_player ****
make all 
'Building file: ../src/main.c'
'Invoking: MicroBlaze gcc compiler'
mb-gcc -Wall -O0 -g3 -c -fmessage-length=0 -MT"src/main.o" -I../../snake_game_client_2_player_bsp/microblaze_0/include -mlittle-endian -mxl-barrel-shift -mno-xl-soft-div -mcpu=v11.0 -mno-xl-soft-mul -mhard-float -Wl,--no-relax -ffunction-sections -fdata-sections -MMD -MP -MF"src/main.d" -MT"src/main.o" -o "src/main.o" "../src/main.c"
../src/main.c: In function 'main':
../src/main.c:231:14: warning: multi-character character constant [-Wmultichar]
   xil_printf('hi');
              ^~~~
../src/main.c:231:14: warning: passing argument 1 of 'xil_printf' makes pointer from integer without a cast [-Wint-conversion]
In file included from c:\desl\xilinx\sdk\2018.3\gnu\microblaze\nt\microblaze-xilinx-elf\include\stdio.h:29:0,
                 from ../src/main.c:34:
c:\desl\xilinx\sdk\2018.3\gnu\microblaze\nt\microblaze-xilinx-elf\include\stdio.h:229:9: note: expected 'const char *' but argument is of type 'int'
 void    _EXFUN(xil_printf, (const char*, ...));
         ^
../src/main.c:265:7: warning: implicit declaration of function 'xemac_add'; did you mean 'netif_add'? [-Wimplicit-function-declaration]
  if (!xemac_add(app_netif, &ipaddr, &netmask,
       ^~~~~~~~~
       netif_add
../src/main.c:301:3: warning: implicit declaration of function 'xemacif_input'; did you mean 'netif_input'? [-Wimplicit-function-declaration]
   xemacif_input(app_netif);
   ^~~~~~~~~~~~~
   netif_input
../src/main.c:328:6: warning: unused variable 'count' [-Wunused-variable]
  int count = 0;
      ^~~~~
At top level:
../src/main.c:180:1: warning: 'read_stdin' defined but not used [-Wunused-function]
 read_stdin (void)
 ^~~~~~~~~~
'Finished building: ../src/main.c'
' '
'Building target: snake_game_client_2_player.elf'
'Invoking: MicroBlaze gcc linker'
mb-gcc -Wl,-T -Wl,../src/lscript.ld -L../../snake_game_client_2_player_bsp/microblaze_0/lib -mlittle-endian -mxl-barrel-shift -mno-xl-soft-div -mcpu=v11.0 -mno-xl-soft-mul -mhard-float -Wl,--no-relax -Wl,--gc-sections -o "snake_game_client_2_player.elf"  ./src/i2c_access.o ./src/iic_phyreset.o ./src/main.o ./src/platform.o ./src/platform_mb.o ./src/platform_ppc.o ./src/platform_zynq.o ./src/platform_zynqmp.o ./src/sfp.o ./src/si5324.o ./src/vga.o   -Wl,--start-group,-lxil,-lgcc,-lc,--end-group -Wl,--start-group,-lxil,-llwip4,-lgcc,-lc,--end-group
'Finished building target: snake_game_client_2_player.elf'
' '
'Invoking: MicroBlaze Print Size'
mb-size snake_game_client_2_player.elf  |tee "snake_game_client_2_player.elf.size"
   text	   data	    bss	    dec	    hex	filename
 100880	   1476	3963980	4066336	 3e0c20	snake_game_client_2_player.elf
'Finished building: snake_game_client_2_player.elf.size'
' '
11:59:57 **** Auto Build of configuration Debug for project snake_game_client_2_player ****
make all 
'Building file: ../src/main.c'
'Invoking: MicroBlaze gcc compiler'
mb-gcc -Wall -O0 -g3 -c -fmessage-length=0 -MT"src/main.o" -I../../snake_game_client_2_player_bsp/microblaze_0/include -mlittle-endian -mxl-barrel-shift -mno-xl-soft-div -mcpu=v11.0 -mno-xl-soft-mul -mhard-float -Wl,--no-relax -ffunction-sections -fdata-sections -MMD -MP -MF"src/main.d" -MT"src/main.o" -o "src/main.o" "../src/main.c"
../src/main.c: In function 'main':
../src/main.c:231:14: warning: multi-character character constant [-Wmultichar]
   xil_printf('hi');
              ^~~~
../src/main.c:231:14: warning: passing argument 1 of 'xil_printf' makes pointer from integer without a cast [-Wint-conversion]
In file included from c:\desl\xilinx\sdk\2018.3\gnu\microblaze\nt\microblaze-xilinx-elf\include\stdio.h:29:0,
                 from ../src/main.c:34:
c:\desl\xilinx\sdk\2018.3\gnu\microblaze\nt\microblaze-xilinx-elf\include\stdio.h:229:9: note: expected 'const char *' but argument is of type 'int'
 void    _EXFUN(xil_printf, (const char*, ...));
         ^
../src/main.c:265:7: warning: implicit declaration of function 'xemac_add'; did you mean 'netif_add'? [-Wimplicit-function-declaration]
  if (!xemac_add(app_netif, &ipaddr, &netmask,
       ^~~~~~~~~
       netif_add
../src/main.c:301:3: warning: implicit declaration of function 'xemacif_input'; did you mean 'netif_input'? [-Wimplicit-function-declaration]
   xemacif_input(app_netif);
   ^~~~~~~~~~~~~
   netif_input
../src/main.c:328:6: warning: unused variable 'count' [-Wunused-variable]
  int count = 0;
      ^~~~~
At top level:
../src/main.c:180:1: warning: 'read_stdin' defined but not used [-Wunused-function]
 read_stdin (void)
 ^~~~~~~~~~
'Finished building: ../src/main.c'
' '
'Building target: snake_game_client_2_player.elf'
'Invoking: MicroBlaze gcc linker'
mb-gcc -Wl,-T -Wl,../src/lscript.ld -L../../snake_game_client_2_player_bsp/microblaze_0/lib -mlittle-endian -mxl-barrel-shift -mno-xl-soft-div -mcpu=v11.0 -mno-xl-soft-mul -mhard-float -Wl,--no-relax -Wl,--gc-sections -o "snake_game_client_2_player.elf"  ./src/i2c_access.o ./src/iic_phyreset.o ./src/main.o ./src/platform.o ./src/platform_mb.o ./src/platform_ppc.o ./src/platform_zynq.o ./src/platform_zynqmp.o ./src/sfp.o ./src/si5324.o ./src/vga.o   -Wl,--start-group,-lxil,-lgcc,-lc,--end-group -Wl,--start-group,-lxil,-llwip4,-lgcc,-lc,--end-group
'Finished building target: snake_game_client_2_player.elf'
' '
'Invoking: MicroBlaze Print Size'
mb-size snake_game_client_2_player.elf  |tee "snake_game_client_2_player.elf.size"
   text	   data	    bss	    dec	    hex	filename
 100884	   1476	3963984	4066344	 3e0c28	snake_game_client_2_player.elf
'Finished building: snake_game_client_2_player.elf.size'
' '
12:01:12 **** Incremental Build of configuration Debug for project snake_game_client_2_player ****
make all 
make: Nothing to be done for 'all'.
12:03:17 **** Incremental Build of configuration Debug for project snake_game_client_2_player ****
make all 
make: Nothing to be done for 'all'.
12:05:18 **** Incremental Build of configuration Debug for project snake_game_client_2_player ****
make all 
make: Nothing to be done for 'all'.
12:09:27 **** Incremental Build of configuration Debug for project snake_game_client_2_player ****
make all 
make: Nothing to be done for 'all'.
12:12:44 **** Incremental Build of configuration Debug for project snake_game_client_2_player ****
make all 
make: Nothing to be done for 'all'.
12:14:37 **** Incremental Build of configuration Debug for project snake_game_client_2_player ****
make all 
make: Nothing to be done for 'all'.
12:17:42 **** Auto Build of configuration Debug for project snake_game_client_2_player ****
make all 
'Building file: ../src/main.c'
'Invoking: MicroBlaze gcc compiler'
mb-gcc -Wall -O0 -g3 -c -fmessage-length=0 -MT"src/main.o" -I../../snake_game_client_2_player_bsp/microblaze_0/include -mlittle-endian -mxl-barrel-shift -mno-xl-soft-div -mcpu=v11.0 -mno-xl-soft-mul -mhard-float -Wl,--no-relax -ffunction-sections -fdata-sections -MMD -MP -MF"src/main.d" -MT"src/main.o" -o "src/main.o" "../src/main.c"
../src/main.c: In function 'main':
../src/main.c:231:14: warning: multi-character character constant [-Wmultichar]
   xil_printf('hi');
              ^~~~
../src/main.c:231:14: warning: passing argument 1 of 'xil_printf' makes pointer from integer without a cast [-Wint-conversion]
In file included from c:\desl\xilinx\sdk\2018.3\gnu\microblaze\nt\microblaze-xilinx-elf\include\stdio.h:29:0,
                 from ../src/main.c:34:
c:\desl\xilinx\sdk\2018.3\gnu\microblaze\nt\microblaze-xilinx-elf\include\stdio.h:229:9: note: expected 'const char *' but argument is of type 'int'
 void    _EXFUN(xil_printf, (const char*, ...));
         ^
../src/main.c:265:7: warning: implicit declaration of function 'xemac_add'; did you mean 'netif_add'? [-Wimplicit-function-declaration]
  if (!xemac_add(app_netif, &ipaddr, &netmask,
       ^~~~~~~~~
       netif_add
../src/main.c:301:3: warning: implicit declaration of function 'xemacif_input'; did you mean 'netif_input'? [-Wimplicit-function-declaration]
   xemacif_input(app_netif);
   ^~~~~~~~~~~~~
   netif_input
../src/main.c:328:6: warning: unused variable 'count' [-Wunused-variable]
  int count = 0;
      ^~~~~
At top level:
../src/main.c:180:1: warning: 'read_stdin' defined but not used [-Wunused-function]
 read_stdin (void)
 ^~~~~~~~~~
'Finished building: ../src/main.c'
' '
'Building target: snake_game_client_2_player.elf'
'Invoking: MicroBlaze gcc linker'
mb-gcc -Wl,-T -Wl,../src/lscript.ld -L../../snake_game_client_2_player_bsp/microblaze_0/lib -mlittle-endian -mxl-barrel-shift -mno-xl-soft-div -mcpu=v11.0 -mno-xl-soft-mul -mhard-float -Wl,--no-relax -Wl,--gc-sections -o "snake_game_client_2_player.elf"  ./src/i2c_access.o ./src/iic_phyreset.o ./src/main.o ./src/platform.o ./src/platform_mb.o ./src/platform_ppc.o ./src/platform_zynq.o ./src/platform_zynqmp.o ./src/sfp.o ./src/si5324.o ./src/vga.o   -Wl,--start-group,-lxil,-lgcc,-lc,--end-group -Wl,--start-group,-lxil,-llwip4,-lgcc,-lc,--end-group
'Finished building target: snake_game_client_2_player.elf'
' '
'Invoking: MicroBlaze Print Size'
mb-size snake_game_client_2_player.elf  |tee "snake_game_client_2_player.elf.size"
   text	   data	    bss	    dec	    hex	filename
 100896	   1476	3963980	4066352	 3e0c30	snake_game_client_2_player.elf
'Finished building: snake_game_client_2_player.elf.size'
' '
12:18:26 **** Incremental Build of configuration Debug for project snake_game_client_2_player ****
make all 
make: Nothing to be done for 'all'.
12:20:42 **** Auto Build of configuration Debug for project snake_game_client_2_player ****
make all 
'Building file: ../src/main.c'
'Invoking: MicroBlaze gcc compiler'
mb-gcc -Wall -O0 -g3 -c -fmessage-length=0 -MT"src/main.o" -I../../snake_game_client_2_player_bsp/microblaze_0/include -mlittle-endian -mxl-barrel-shift -mno-xl-soft-div -mcpu=v11.0 -mno-xl-soft-mul -mhard-float -Wl,--no-relax -ffunction-sections -fdata-sections -MMD -MP -MF"src/main.d" -MT"src/main.o" -o "src/main.o" "../src/main.c"
../src/main.c: In function 'main':
../src/main.c:231:14: warning: multi-character character constant [-Wmultichar]
   xil_printf('hi');
              ^~~~
../src/main.c:231:14: warning: passing argument 1 of 'xil_printf' makes pointer from integer without a cast [-Wint-conversion]
In file included from c:\desl\xilinx\sdk\2018.3\gnu\microblaze\nt\microblaze-xilinx-elf\include\stdio.h:29:0,
                 from ../src/main.c:34:
c:\desl\xilinx\sdk\2018.3\gnu\microblaze\nt\microblaze-xilinx-elf\include\stdio.h:229:9: note: expected 'const char *' but argument is of type 'int'
 void    _EXFUN(xil_printf, (const char*, ...));
         ^
../src/main.c:265:7: warning: implicit declaration of function 'xemac_add'; did you mean 'netif_add'? [-Wimplicit-function-declaration]
  if (!xemac_add(app_netif, &ipaddr, &netmask,
       ^~~~~~~~~
       netif_add
../src/main.c:301:3: warning: implicit declaration of function 'xemacif_input'; did you mean 'netif_input'? [-Wimplicit-function-declaration]
   xemacif_input(app_netif);
   ^~~~~~~~~~~~~
   netif_input
../src/main.c:328:6: warning: unused variable 'count' [-Wunused-variable]
  int count = 0;
      ^~~~~
At top level:
../src/main.c:180:1: warning: 'read_stdin' defined but not used [-Wunused-function]
 read_stdin (void)
 ^~~~~~~~~~
'Finished building: ../src/main.c'
' '
'Building target: snake_game_client_2_player.elf'
'Invoking: MicroBlaze gcc linker'
mb-gcc -Wl,-T -Wl,../src/lscript.ld -L../../snake_game_client_2_player_bsp/microblaze_0/lib -mlittle-endian -mxl-barrel-shift -mno-xl-soft-div -mcpu=v11.0 -mno-xl-soft-mul -mhard-float -Wl,--no-relax -Wl,--gc-sections -o "snake_game_client_2_player.elf"  ./src/i2c_access.o ./src/iic_phyreset.o ./src/main.o ./src/platform.o ./src/platform_mb.o ./src/platform_ppc.o ./src/platform_zynq.o ./src/platform_zynqmp.o ./src/sfp.o ./src/si5324.o ./src/vga.o   -Wl,--start-group,-lxil,-lgcc,-lc,--end-group -Wl,--start-group,-lxil,-llwip4,-lgcc,-lc,--end-group
'Finished building target: snake_game_client_2_player.elf'
' '
'Invoking: MicroBlaze Print Size'
mb-size snake_game_client_2_player.elf  |tee "snake_game_client_2_player.elf.size"
   text	   data	    bss	    dec	    hex	filename
 100896	   1476	3963980	4066352	 3e0c30	snake_game_client_2_player.elf
'Finished building: snake_game_client_2_player.elf.size'
' '
12:20:50 **** Auto Build of configuration Debug for project snake_game_client_2_player ****
make all 
'Building file: ../src/main.c'
'Invoking: MicroBlaze gcc compiler'
mb-gcc -Wall -O0 -g3 -c -fmessage-length=0 -MT"src/main.o" -I../../snake_game_client_2_player_bsp/microblaze_0/include -mlittle-endian -mxl-barrel-shift -mno-xl-soft-div -mcpu=v11.0 -mno-xl-soft-mul -mhard-float -Wl,--no-relax -ffunction-sections -fdata-sections -MMD -MP -MF"src/main.d" -MT"src/main.o" -o "src/main.o" "../src/main.c"
../src/main.c: In function 'main':
../src/main.c:231:14: warning: multi-character character constant [-Wmultichar]
   xil_printf('hi');
              ^~~~
../src/main.c:231:14: warning: passing argument 1 of 'xil_printf' makes pointer from integer without a cast [-Wint-conversion]
In file included from c:\desl\xilinx\sdk\2018.3\gnu\microblaze\nt\microblaze-xilinx-elf\include\stdio.h:29:0,
                 from ../src/main.c:34:
c:\desl\xilinx\sdk\2018.3\gnu\microblaze\nt\microblaze-xilinx-elf\include\stdio.h:229:9: note: expected 'const char *' but argument is of type 'int'
 void    _EXFUN(xil_printf, (const char*, ...));
         ^
../src/main.c:265:7: warning: implicit declaration of function 'xemac_add'; did you mean 'netif_add'? [-Wimplicit-function-declaration]
  if (!xemac_add(app_netif, &ipaddr, &netmask,
       ^~~~~~~~~
       netif_add
../src/main.c:301:3: warning: implicit declaration of function 'xemacif_input'; did you mean 'netif_input'? [-Wimplicit-function-declaration]
   xemacif_input(app_netif);
   ^~~~~~~~~~~~~
   netif_input
../src/main.c:328:6: warning: unused variable 'count' [-Wunused-variable]
  int count = 0;
      ^~~~~
At top level:
../src/main.c:180:1: warning: 'read_stdin' defined but not used [-Wunused-function]
 read_stdin (void)
 ^~~~~~~~~~
'Finished building: ../src/main.c'
' '
'Building target: snake_game_client_2_player.elf'
'Invoking: MicroBlaze gcc linker'
mb-gcc -Wl,-T -Wl,../src/lscript.ld -L../../snake_game_client_2_player_bsp/microblaze_0/lib -mlittle-endian -mxl-barrel-shift -mno-xl-soft-div -mcpu=v11.0 -mno-xl-soft-mul -mhard-float -Wl,--no-relax -Wl,--gc-sections -o "snake_game_client_2_player.elf"  ./src/i2c_access.o ./src/iic_phyreset.o ./src/main.o ./src/platform.o ./src/platform_mb.o ./src/platform_ppc.o ./src/platform_zynq.o ./src/platform_zynqmp.o ./src/sfp.o ./src/si5324.o ./src/vga.o   -Wl,--start-group,-lxil,-lgcc,-lc,--end-group -Wl,--start-group,-lxil,-llwip4,-lgcc,-lc,--end-group
'Finished building target: snake_game_client_2_player.elf'
' '
'Invoking: MicroBlaze Print Size'
mb-size snake_game_client_2_player.elf  |tee "snake_game_client_2_player.elf.size"
   text	   data	    bss	    dec	    hex	filename
 100896	   1476	3963980	4066352	 3e0c30	snake_game_client_2_player.elf
'Finished building: snake_game_client_2_player.elf.size'
' '
12:24:10 **** Incremental Build of configuration Debug for project snake_game_client_2_player ****
make all 
make: Nothing to be done for 'all'.
12:27:22 **** Incremental Build of configuration Debug for project snake_game_client_2_player ****
make all 
make: Nothing to be done for 'all'.
12:31:02 **** Incremental Build of configuration Debug for project snake_game_client_2_player ****
make all 
make: Nothing to be done for 'all'.
12:34:03 **** Incremental Build of configuration Debug for project snake_game_client_2_player ****
make all 
make: Nothing to be done for 'all'.
12:36:36 **** Incremental Build of configuration Debug for project snake_game_client_2_player ****
make all 
make: Nothing to be done for 'all'.
12:38:01 **** Incremental Build of configuration Debug for project snake_game_client_2_player ****
make all 
make: Nothing to be done for 'all'.
12:41:52 **** Incremental Build of configuration Debug for project snake_game_client_2_player ****
make all 
make: Nothing to be done for 'all'.
12:59:40 **** Incremental Build of configuration Debug for project snake_game_client_2_player ****
make all 
make: Nothing to be done for 'all'.
